Archive member included to satisfy reference by file (symbol)

c:/develop/gnu arm embedded toolchain/10 2021.10/bin/../lib/gcc/arm-none-eabi/10.3.1/../../../../arm-none-eabi/lib/thumb/v7-m/nofp\libc.a(lib_a-exit.o)
                              c:/develop/gnu arm embedded toolchain/10 2021.10/bin/../lib/gcc/arm-none-eabi/10.3.1/../../../../arm-none-eabi/lib/thumb/v7-m/nofp/crt0.o (exit)
c:/develop/gnu arm embedded toolchain/10 2021.10/bin/../lib/gcc/arm-none-eabi/10.3.1/../../../../arm-none-eabi/lib/thumb/v7-m/nofp\libc.a(lib_a-impure.o)
                              c:/develop/gnu arm embedded toolchain/10 2021.10/bin/../lib/gcc/arm-none-eabi/10.3.1/../../../../arm-none-eabi/lib/thumb/v7-m/nofp\libc.a(lib_a-exit.o) (_global_impure_ptr)
c:/develop/gnu arm embedded toolchain/10 2021.10/bin/../lib/gcc/arm-none-eabi/10.3.1/../../../../arm-none-eabi/lib/thumb/v7-m/nofp\libc.a(lib_a-init.o)
                              c:/develop/gnu arm embedded toolchain/10 2021.10/bin/../lib/gcc/arm-none-eabi/10.3.1/../../../../arm-none-eabi/lib/thumb/v7-m/nofp/crt0.o (__libc_init_array)
c:/develop/gnu arm embedded toolchain/10 2021.10/bin/../lib/gcc/arm-none-eabi/10.3.1/../../../../arm-none-eabi/lib/thumb/v7-m/nofp\libc.a(lib_a-memcpy.o)
                              build/log.o (memcpy)
c:/develop/gnu arm embedded toolchain/10 2021.10/bin/../lib/gcc/arm-none-eabi/10.3.1/../../../../arm-none-eabi/lib/thumb/v7-m/nofp\libc.a(lib_a-memset.o)
                              c:/develop/gnu arm embedded toolchain/10 2021.10/bin/../lib/gcc/arm-none-eabi/10.3.1/../../../../arm-none-eabi/lib/thumb/v7-m/nofp/crt0.o (memset)
c:/develop/gnu arm embedded toolchain/10 2021.10/bin/../lib/gcc/arm-none-eabi/10.3.1/../../../../arm-none-eabi/lib/thumb/v7-m/nofp\libc.a(lib_a-snprintf.o)
                              build/log.o (snprintf)
c:/develop/gnu arm embedded toolchain/10 2021.10/bin/../lib/gcc/arm-none-eabi/10.3.1/../../../../arm-none-eabi/lib/thumb/v7-m/nofp\libc.a(lib_a-strlen-stub.o)
                              build/log.o (strlen)
c:/develop/gnu arm embedded toolchain/10 2021.10/bin/../lib/gcc/arm-none-eabi/10.3.1/../../../../arm-none-eabi/lib/thumb/v7-m/nofp\libc.a(lib_a-svfprintf.o)
                              c:/develop/gnu arm embedded toolchain/10 2021.10/bin/../lib/gcc/arm-none-eabi/10.3.1/../../../../arm-none-eabi/lib/thumb/v7-m/nofp\libc.a(lib_a-snprintf.o) (_svfprintf_r)
c:/develop/gnu arm embedded toolchain/10 2021.10/bin/../lib/gcc/arm-none-eabi/10.3.1/../../../../arm-none-eabi/lib/thumb/v7-m/nofp\libc.a(lib_a-vsprintf.o)
                              build/log.o (vsprintf)
c:/develop/gnu arm embedded toolchain/10 2021.10/bin/../lib/gcc/arm-none-eabi/10.3.1/../../../../arm-none-eabi/lib/thumb/v7-m/nofp\libc.a(lib_a-__call_atexit.o)
                              c:/develop/gnu arm embedded toolchain/10 2021.10/bin/../lib/gcc/arm-none-eabi/10.3.1/../../../../arm-none-eabi/lib/thumb/v7-m/nofp\libc.a(lib_a-exit.o) (__call_exitprocs)
c:/develop/gnu arm embedded toolchain/10 2021.10/bin/../lib/gcc/arm-none-eabi/10.3.1/../../../../arm-none-eabi/lib/thumb/v7-m/nofp\libc.a(lib_a-atexit.o)
                              c:/develop/gnu arm embedded toolchain/10 2021.10/bin/../lib/gcc/arm-none-eabi/10.3.1/../../../../arm-none-eabi/lib/thumb/v7-m/nofp\libc.a(lib_a-__call_atexit.o) (atexit)
c:/develop/gnu arm embedded toolchain/10 2021.10/bin/../lib/gcc/arm-none-eabi/10.3.1/../../../../arm-none-eabi/lib/thumb/v7-m/nofp\libc.a(lib_a-dtoa.o)
                              c:/develop/gnu arm embedded toolchain/10 2021.10/bin/../lib/gcc/arm-none-eabi/10.3.1/../../../../arm-none-eabi/lib/thumb/v7-m/nofp\libc.a(lib_a-svfprintf.o) (_dtoa_r)
c:/develop/gnu arm embedded toolchain/10 2021.10/bin/../lib/gcc/arm-none-eabi/10.3.1/../../../../arm-none-eabi/lib/thumb/v7-m/nofp\libc.a(lib_a-fini.o)
                              c:/develop/gnu arm embedded toolchain/10 2021.10/bin/../lib/gcc/arm-none-eabi/10.3.1/../../../../arm-none-eabi/lib/thumb/v7-m/nofp\libc.a(lib_a-__call_atexit.o) (__libc_fini_array)
c:/develop/gnu arm embedded toolchain/10 2021.10/bin/../lib/gcc/arm-none-eabi/10.3.1/../../../../arm-none-eabi/lib/thumb/v7-m/nofp\libc.a(lib_a-freer.o)
                              c:/develop/gnu arm embedded toolchain/10 2021.10/bin/../lib/gcc/arm-none-eabi/10.3.1/../../../../arm-none-eabi/lib/thumb/v7-m/nofp\libc.a(lib_a-svfprintf.o) (_free_r)
c:/develop/gnu arm embedded toolchain/10 2021.10/bin/../lib/gcc/arm-none-eabi/10.3.1/../../../../arm-none-eabi/lib/thumb/v7-m/nofp\libc.a(lib_a-localeconv.o)
                              c:/develop/gnu arm embedded toolchain/10 2021.10/bin/../lib/gcc/arm-none-eabi/10.3.1/../../../../arm-none-eabi/lib/thumb/v7-m/nofp\libc.a(lib_a-svfprintf.o) (_localeconv_r)
c:/develop/gnu arm embedded toolchain/10 2021.10/bin/../lib/gcc/arm-none-eabi/10.3.1/../../../../arm-none-eabi/lib/thumb/v7-m/nofp\libc.a(lib_a-lock.o)
[...]
Memory Configuration

Name             Origin             Length             Attributes
RAM              0x20000000         0x00005000         xrw
FLASH            0x08000000         0x00020000         xr
*default*        0x00000000         0xffffffff

Linker script and memory map

LOAD c:/develop/gnu arm embedded toolchain/10 2021.10/bin/../lib/gcc/arm-none-eabi/10.3.1/thumb/v7-m/nofp/crti.o
LOAD c:/develop/gnu arm embedded toolchain/10 2021.10/bin/../lib/gcc/arm-none-eabi/10.3.1/thumb/v7-m/nofp/crtbegin.o
LOAD c:/develop/gnu arm embedded toolchain/10 2021.10/bin/../lib/gcc/arm-none-eabi/10.3.1/../../../../arm-none-eabi/lib/thumb/v7-m/nofp/crt0.o
LOAD build/main.o
LOAD build/stm32f1xx_it.o
LOAD build/stm32f1xx_hal_msp.o
LOAD build/stm32f1xx_hal_gpio_ex.o
LOAD build/stm32f1xx_hal_tim.o
LOAD build/stm32f1xx_hal_tim_ex.o
LOAD build/stm32f1xx_hal.o
LOAD build/stm32f1xx_hal_rcc.o
LOAD build/stm32f1xx_hal_rcc_ex.o
LOAD build/stm32f1xx_hal_gpio.o
LOAD build/stm32f1xx_hal_dma.o
LOAD build/stm32f1xx_hal_cortex.o
LOAD build/stm32f1xx_hal_pwr.o
LOAD build/stm32f1xx_hal_flash.o
LOAD build/stm32f1xx_hal_flash_ex.o
LOAD build/stm32f1xx_hal_exti.o
LOAD build/system_stm32f1xx.o
LOAD build/gpio.o
LOAD build/can.o
LOAD build/i2c.o
LOAD build/spi.o
LOAD build/usart.o
LOAD build/stm32f1xx_hal_can.o
LOAD build/stm32f1xx_hal_i2c.o
LOAD build/stm32f1xx_hal_spi.o
LOAD build/stm32f1xx_hal_uart.o
LOAD build/log.o
LOAD build/bq76920.o
LOAD build/startup_stm32f103xb.o
LOAD c:/develop/gnu arm embedded toolchain/10 2021.10/bin/../lib/gcc/arm-none-eabi/10.3.1/../../../../arm-none-eabi/lib/thumb/v7-m/nofp\libc.a
LOAD c:/develop/gnu arm embedded toolchain/10 2021.10/bin/../lib/gcc/arm-none-eabi/10.3.1/../../../../arm-none-eabi/lib/thumb/v7-m/nofp\libm.a
LOAD c:/develop/gnu arm embedded toolchain/10 2021.10/bin/../lib/gcc/arm-none-eabi/10.3.1/../../../../arm-none-eabi/lib/thumb/v7-m/nofp\libnosys.a
START GROUP
LOAD c:/develop/gnu arm embedded toolchain/10 2021.10/bin/../lib/gcc/arm-none-eabi/10.3.1/thumb/v7-m/nofp\libgcc.a
LOAD c:/develop/gnu arm embedded toolchain/10 2021.10/bin/../lib/gcc/arm-none-eabi/10.3.1/../../../../arm-none-eabi/lib/thumb/v7-m/nofp\libc.a
END GROUP
LOAD c:/develop/gnu arm embedded toolchain/10 2021.10/bin/../lib/gcc/arm-none-eabi/10.3.1/thumb/v7-m/nofp/crtend.o
LOAD c:/develop/gnu arm embedded toolchain/10 2021.10/bin/../lib/gcc/arm-none-eabi/10.3.1/thumb/v7-m/nofp/crtn.o
                0x20005000                _estack = (ORIGIN (RAM) + LENGTH (RAM))
                0x00000200                _Min_Heap_Size = 0x200
                0x00000400                _Min_Stack_Size = 0x400

.isr_vector     0x08000000      0x10c
                0x08000000                . = ALIGN (0x4)
 *(.isr_vector)
 .isr_vector    0x08000000      0x10c build/startup_stm32f103xb.o
                0x08000000                g_pfnVectors
                0x0800010c                . = ALIGN (0x4)

.text           0x08000110     0x9848
                0x08000110                . = ALIGN (0x4)
 *(.text)
 .text          0x08000110       0x40 c:/develop/gnu arm embedded toolchain/10 2021.10/bin/../lib/gcc/arm-none-eabi/10.3.1/thumb/v7-m/nofp/crtbegin.o
 .text          0x08000150       0xec c:/develop/gnu arm embedded toolchain/10 2021.10/bin/../lib/gcc/arm-none-eabi/10.3.1/../../../../arm-none-eabi/lib/thumb/v7-m/nofp\libc.a(lib_a-memcpy.o)
                0x08000150                memcpy
 .text          0x0800023c      0x378 c:/develop/gnu arm embedded toolchain/10 2021.10/bin/../lib/gcc/arm-none-eabi/10.3.1/thumb/v7-m/nofp\libgcc.a(_arm_addsubdf3.o)
                0x0800023c                __aeabi_drsub
                0x08000244                __aeabi_dsub
                0x08000244                __subdf3
                0x08000248                __aeabi_dadd
                0x08000248                __adddf3
                0x080004c0                __floatunsidf
                0x080004c0                __aeabi_ui2d
                0x080004e0                __floatsidf
                0x080004e0                __aeabi_i2d
                0x08000504                __aeabi_f2d
                0x08000504                __extendsfdf2
                0x08000548                __floatundidf
                0x08000548                __aeabi_ul2d
                0x08000558                __floatdidf
                0x08000558                __aeabi_l2d
 .text          0x080005b4      0x424 c:/develop/gnu arm embedded toolchain/10 2021.10/bin/../lib/gcc/arm-none-eabi/10.3.1/thumb/v7-m/nofp\libgcc.a(_arm_muldivdf3.o)
                0x080005b4                __aeabi_dmul
                0x080005b4                __muldf3
                0x08000808                __divdf3
                0x08000808                __aeabi_ddiv
 .text          0x080009d8      0x110 c:/develop/gnu arm embedded toolchain/10 2021.10/bin/../lib/gcc/arm-none-eabi/10.3.1/thumb/v7-m/nofp\libgcc.a(_arm_cmpdf2.o)
                0x080009d8                __gtdf2
                0x080009d8                __gedf2
                0x080009e0                __ltdf2
                0x080009e0                __ledf2
                0x080009e8                __nedf2
                0x080009e8                __eqdf2
                0x080009e8                __cmpdf2
                0x08000a64                __aeabi_cdrcmple
                0x08000a74                __aeabi_cdcmpeq
                0x08000a74                __aeabi_cdcmple
                0x08000a84                __aeabi_dcmpeq
                0x08000a98                __aeabi_dcmplt
                0x08000aac                __aeabi_dcmple
                0x08000ac0                __aeabi_dcmpge
                0x08000ad4                __aeabi_dcmpgt
 .text          0x08000ae8       0x2c c:/develop/gnu arm embedded toolchain/10 2021.10/bin/../lib/gcc/arm-none-eabi/10.3.1/thumb/v7-m/nofp\libgcc.a(_arm_unorddf2.o)
                0x08000ae8                __unorddf2
                0x08000ae8                __aeabi_dcmpun
 .text          0x08000b14       0x50 c:/develop/gnu arm embedded toolchain/10 2021.10/bin/../lib/gcc/arm-none-eabi/10.3.1/thumb/v7-m/nofp\libgcc.a(_arm_fixdfsi.o)
                0x08000b14                __aeabi_d2iz
                0x08000b14                __fixdfsi
 .text          0x08000b64       0xa0 c:/develop/gnu arm embedded toolchain/10 2021.10/bin/../lib/gcc/arm-none-eabi/10.3.1/thumb/v7-m/nofp\libgcc.a(_arm_truncdfsf2.o)
                0x08000b64                __truncdfsf2
                0x08000b64                __aeabi_d2f
 .text          0x08000c04      0x21c c:/develop/gnu arm embedded toolchain/10 2021.10/bin/../lib/gcc/arm-none-eabi/10.3.1/thumb/v7-m/nofp\libgcc.a(_arm_addsubsf3.o)
                0x08000c04                __aeabi_frsub
                0x08000c0c                __subsf3
                0x08000c0c                __aeabi_fsub
                0x08000c10                __aeabi_fadd
                0x08000c10                __addsf3
                0x08000d70                __aeabi_ui2f
                0x08000d70                __floatunsisf
                0x08000d78                __aeabi_i2f
                0x08000d78                __floatsisf
                0x08000d94                __aeabi_ul2f
                0x08000d94                __floatundisf
                0x08000da4                __aeabi_l2f
                0x08000da4                __floatdisf
 .text          0x08000e20      0x2a0 c:/develop/gnu arm embedded toolchain/10 2021.10/bin/../lib/gcc/arm-none-eabi/10.3.1/thumb/v7-m/nofp\libgcc.a(_arm_muldivsf3.o)
                0x08000e20                __mulsf3
                0x08000e20                __aeabi_fmul
                0x08000f88                __aeabi_fdiv
                0x08000f88                __divsf3
 .text          0x080010c0       0x40 c:/develop/gnu arm embedded toolchain/10 2021.10/bin/../lib/gcc/arm-none-eabi/10.3.1/thumb/v7-m/nofp\libgcc.a(_arm_fixunssfsi.o)
                0x080010c0                __fixunssfsi
                0x080010c0                __aeabi_f2uiz
 .text          0x08001100       0x30 c:/develop/gnu arm embedded toolchain/10 2021.10/bin/../lib/gcc/arm-none-eabi/10.3.1/thumb/v7-m/nofp\libgcc.a(_aeabi_uldivmod.o)
                0x08001100                __aeabi_uldivmod
 .text          0x08001130      0x2d4 c:/develop/gnu arm embedded toolchain/10 2021.10/bin/../lib/gcc/arm-none-eabi/10.3.1/thumb/v7-m/nofp\libgcc.a(_udivmoddi4.o)
                0x08001130                __udivmoddi4
 .text          0x08001404        0x4 c:/develop/gnu arm embedded toolchain/10 2021.10/bin/../lib/gcc/arm-none-eabi/10.3.1/thumb/v7-m/nofp\libgcc.a(_dvmd_tls.o)
                0x08001404                __aeabi_idiv0
                0x08001404                __aeabi_ldiv0
 *(.text*)
 .text.Error_Handler
                0x08001408        0x4 build/main.o
                0x08001408                Error_Handler
 .text.SystemClock_Config
                0x0800140c       0x6a build/main.o
                0x0800140c                SystemClock_Config
 *fill*         0x08001476        0x2 
 .text.main     0x08001478       0xa0 build/main.o
                0x08001478                main
 .text.NMI_Handler
                0x08001518        0x2 build/stm32f1xx_it.o
                0x08001518                NMI_Handler
 .text.HardFault_Handler
                0x0800151a        0x2 build/stm32f1xx_it.o
                0x0800151a                HardFault_Handler
 .text.MemManage_Handler
                0x0800151c        0x2 build/stm32f1xx_it.o
                0x0800151c                MemManage_Handler
 .text.BusFault_Handler
                0x0800151e        0x2 build/stm32f1xx_it.o
                0x0800151e                BusFault_Handler
 .text.UsageFault_Handler
                0x08001520        0x2 build/stm32f1xx_it.o
                0x08001520                UsageFault_Handler
 .text.SVC_Handler
                0x08001522        0x2 build/stm32f1xx_it.o
                0x08001522                SVC_Handler
 .text.DebugMon_Handler
                0x08001524        0x2 build/stm32f1xx_it.o
                0x08001524                DebugMon_Handler
 .text.PendSV_Handler
                0x08001526        0x2 build/stm32f1xx_it.o
                0x08001526                PendSV_Handler
 .text.SysTick_Handler
                0x08001528        0x8 build/stm32f1xx_it.o
                0x08001528                SysTick_Handler
 .text.EXTI15_10_IRQHandler
                0x08001530        0xc build/stm32f1xx_it.o
                0x08001530                EXTI15_10_IRQHandler
 .text.HAL_GPIO_EXTI_Callback
                0x0800153c       0x30 build/stm32f1xx_it.o
                0x0800153c                HAL_GPIO_EXTI_Callback
 .text.HAL_MspInit
                0x0800156c       0x44 build/stm32f1xx_hal_msp.o
                0x0800156c                HAL_MspInit
 .text.HAL_InitTick
                0x080015b0       0x4c build/stm32f1xx_hal.o
                0x080015b0                HAL_InitTick
 .text.HAL_Init
                0x080015fc       0x24 build/stm32f1xx_hal.o
                0x080015fc                HAL_Init
 .text.HAL_IncTick
                0x08001620       0x18 build/stm32f1xx_hal.o
                0x08001620                HAL_IncTick
 .text.HAL_GetTick
                0x08001638        0xc build/stm32f1xx_hal.o
                0x08001638                HAL_GetTick
 .text.HAL_Delay
                0x08001644       0x28 build/stm32f1xx_hal.o
                0x08001644                HAL_Delay
 .text.RCC_Delay
                0x0800166c       0x2c build/stm32f1xx_hal_rcc.o
 .text.HAL_RCC_OscConfig
                0x08001698      0x410 build/stm32f1xx_hal_rcc.o
                0x08001698                HAL_RCC_OscConfig
 .text.HAL_RCC_GetSysClockFreq
                0x08001aa8       0x60 build/stm32f1xx_hal_rcc.o
                0x08001aa8                HAL_RCC_GetSysClockFreq
 .text.HAL_RCC_ClockConfig
                0x08001b08      0x16c build/stm32f1xx_hal_rcc.o
                0x08001b08                HAL_RCC_ClockConfig
 .text.HAL_RCC_GetHCLKFreq
                0x08001c74        0xc build/stm32f1xx_hal_rcc.o
                0x08001c74                HAL_RCC_GetHCLKFreq
 .text.HAL_RCC_GetPCLK1Freq
                0x08001c80       0x20 build/stm32f1xx_hal_rcc.o
                0x08001c80                HAL_RCC_GetPCLK1Freq
 .text.HAL_RCC_GetPCLK2Freq
                0x08001ca0       0x20 build/stm32f1xx_hal_rcc.o
                0x08001ca0                HAL_RCC_GetPCLK2Freq
 .text.HAL_GPIO_Init
                0x08001cc0      0x224 build/stm32f1xx_hal_gpio.o
                0x08001cc0                HAL_GPIO_Init
 .text.HAL_GPIO_WritePin
                0x08001ee4        0xc build/stm32f1xx_hal_gpio.o
                0x08001ee4                HAL_GPIO_WritePin
 .text.HAL_GPIO_TogglePin
                0x08001ef0       0x12 build/stm32f1xx_hal_gpio.o
                0x08001ef0                HAL_GPIO_TogglePin
 *fill*         0x08001f02        0x2 
 .text.HAL_GPIO_EXTI_IRQHandler
                0x08001f04       0x1c build/stm32f1xx_hal_gpio.o
                0x08001f04                HAL_GPIO_EXTI_IRQHandler
 .text.HAL_NVIC_SetPriorityGrouping
                0x08001f20       0x24 build/stm32f1xx_hal_cortex.o
                0x08001f20                HAL_NVIC_SetPriorityGrouping
 .text.HAL_NVIC_SetPriority
                0x08001f44       0x70 build/stm32f1xx_hal_cortex.o
                0x08001f44                HAL_NVIC_SetPriority
 .text.HAL_NVIC_EnableIRQ
                0x08001fb4       0x1c build/stm32f1xx_hal_cortex.o
                0x08001fb4                HAL_NVIC_EnableIRQ
 .text.HAL_SYSTICK_Config
                0x08001fd0       0x28 build/stm32f1xx_hal_cortex.o
                0x08001fd0                HAL_SYSTICK_Config
 .text.SystemInit
                0x08001ff8        0x2 build/system_stm32f1xx.o
                0x08001ff8                SystemInit
 *fill*         0x08001ffa        0x2 
 .text.MX_GPIO_Init
                0x08001ffc      0x100 build/gpio.o
                0x08001ffc                MX_GPIO_Init
 .text.MX_CAN_Init
                0x080020fc       0x38 build/can.o
                0x080020fc                MX_CAN_Init
 .text.HAL_CAN_MspInit
                0x08002134       0x74 build/can.o
                0x08002134                HAL_CAN_MspInit
 .text.MX_I2C1_Init
                0x080021a8       0x3c build/i2c.o
                0x080021a8                MX_I2C1_Init
 .text.HAL_I2C_MspInit
                0x080021e4       0x78 build/i2c.o
                0x080021e4                HAL_I2C_MspInit
 .text.MX_SPI1_Init
                0x0800225c       0x44 build/spi.o
                0x0800225c                MX_SPI1_Init
 .text.HAL_SPI_MspInit
                0x080022a0       0x88 build/spi.o
                0x080022a0                HAL_SPI_MspInit
 .text.MX_USART1_UART_Init
                0x08002328       0x34 build/usart.o
                0x08002328                MX_USART1_UART_Init
 .text.HAL_UART_MspInit
                0x0800235c       0x88 build/usart.o
                0x0800235c                HAL_UART_MspInit
 .text.HAL_CAN_Init
                0x080023e4      0x14c build/stm32f1xx_hal_can.o
                0x080023e4                HAL_CAN_Init
 .text.I2C_IsAcknowledgeFailed
                0x08002530       0x32 build/stm32f1xx_hal_i2c.o
 .text.I2C_WaitOnFlagUntilTimeout
                0x08002562       0xaa build/stm32f1xx_hal_i2c.o
 .text.I2C_WaitOnMasterAddressFlagUntilTimeout
                0x0800260c       0xd6 build/stm32f1xx_hal_i2c.o
 *fill*         0x080026e2        0x2 
 .text.I2C_MasterRequestWrite
                0x080026e4       0xb4 build/stm32f1xx_hal_i2c.o
 .text.I2C_WaitOnTXEFlagUntilTimeout
                0x08002798       0x5e build/stm32f1xx_hal_i2c.o
 *fill*         0x080027f6        0x2 
 .text.I2C_RequestMemoryRead
                0x080027f8      0x154 build/stm32f1xx_hal_i2c.o
 .text.I2C_WaitOnBTFFlagUntilTimeout
                0x0800294c       0x5e build/stm32f1xx_hal_i2c.o
 .text.I2C_WaitOnRXNEFlagUntilTimeout
                0x080029aa       0x78 build/stm32f1xx_hal_i2c.o
 *fill*         0x08002a22        0x2 
 .text.HAL_I2C_Init
                0x08002a24      0x1bc build/stm32f1xx_hal_i2c.o
                0x08002a24                HAL_I2C_Init
 .text.HAL_I2C_Master_Transmit
                0x08002be0      0x178 build/stm32f1xx_hal_i2c.o
                0x08002be0                HAL_I2C_Master_Transmit
 .text.HAL_I2C_Mem_Read
                0x08002d58      0x348 build/stm32f1xx_hal_i2c.o
                0x08002d58                HAL_I2C_Mem_Read
 .text.HAL_SPI_Init
                0x080030a0       0xb6 build/stm32f1xx_hal_spi.o
                0x080030a0                HAL_SPI_Init
 *fill*         0x08003156        0x2 
 .text.UART_SetConfig
                0x08003158       0x94 build/stm32f1xx_hal_uart.o
 .text.UART_WaitOnFlagUntilTimeout
                0x080031ec       0x88 build/stm32f1xx_hal_uart.o
 .text.HAL_UART_Init
                0x08003274       0x60 build/stm32f1xx_hal_uart.o
                0x08003274                HAL_UART_Init
 .text.HAL_UART_Transmit
                0x080032d4       0xbe build/stm32f1xx_hal_uart.o
                0x080032d4                HAL_UART_Transmit
 *fill*         0x08003392        0x2 
 .text.CAW_LOG_Write
                0x08003394      0x108 build/log.o
                0x08003394                CAW_LOG_Write
 .text.CAW_LOG_Welcome
                0x0800349c       0x34 build/log.o
                0x0800349c                CAW_LOG_Welcome
 .text._CRC8_CCITT_Update
                0x080034d0       0x24 build/bq76920.o
                0x080034d0                _CRC8_CCITT_Update
 .text._I2C_READ_BYTE
                0x080034f4       0x48 build/bq76920.o
                0x080034f4                _I2C_READ_BYTE
 .text._I2C_WRITE_BYTE
                0x0800353c       0x68 build/bq76920.o
                0x0800353c                _I2C_WRITE_BYTE
 .text.BQ76920_Init
                0x080035a4      0x150 build/bq76920.o
                0x080035a4                BQ76920_Init
 *fill*         0x080036f4        0x4 
 .text.BQ76920_UpdateCellVoltage
                0x080036f8       0xd0 build/bq76920.o
                0x080036f8                BQ76920_UpdateCellVoltage
 .text.Reset_Handler
                0x080037c8       0x48 build/startup_stm32f103xb.o
                0x080037c8                Reset_Handler
 .text.Default_Handler
                0x08003810        0x2 build/startup_stm32f103xb.o
                0x08003810                RTC_Alarm_IRQHandler
                0x08003810                EXTI2_IRQHandler
                0x08003810                TIM1_CC_IRQHandler
                0x08003810                PVD_IRQHandler
                0x08003810                EXTI3_IRQHandler
                0x08003810                EXTI0_IRQHandler
                0x08003810                I2C2_EV_IRQHandler
                0x08003810                ADC1_2_IRQHandler
                0x08003810                SPI1_IRQHandler
                0x08003810                TAMPER_IRQHandler
                0x08003810                DMA1_Channel4_IRQHandler
                0x08003810                USART3_IRQHandler
                0x08003810                RTC_IRQHandler
                0x08003810                DMA1_Channel7_IRQHandler
                0x08003810                CAN1_RX1_IRQHandler
                0x08003810                TIM4_IRQHandler
                0x08003810                I2C1_EV_IRQHandler
                0x08003810                DMA1_Channel6_IRQHandler
                0x08003810                TIM3_IRQHandler
                0x08003810                RCC_IRQHandler
                0x08003810                TIM1_TRG_COM_IRQHandler
                0x08003810                DMA1_Channel1_IRQHandler
                0x08003810                Default_Handler
                0x08003810                EXTI9_5_IRQHandler
                0x08003810                SPI2_IRQHandler
                0x08003810                DMA1_Channel5_IRQHandler
                0x08003810                EXTI4_IRQHandler
                0x08003810                USB_LP_CAN1_RX0_IRQHandler
                0x08003810                USB_HP_CAN1_TX_IRQHandler
                0x08003810                DMA1_Channel3_IRQHandler
                0x08003810                TIM1_UP_IRQHandler
                0x08003810                WWDG_IRQHandler
                0x08003810                TIM2_IRQHandler
                0x08003810                TIM1_BRK_IRQHandler
                0x08003810                EXTI1_IRQHandler
                0x08003810                USART2_IRQHandler
                0x08003810                I2C2_ER_IRQHandler
                0x08003810                DMA1_Channel2_IRQHandler
                0x08003810                CAN1_SCE_IRQHandler
                0x08003810                FLASH_IRQHandler
                0x08003810                USART1_IRQHandler
                0x08003810                I2C1_ER_IRQHandler
                0x08003810                USBWakeUp_IRQHandler
 *fill*         0x08003812        0x2 
 .text.__libc_init_array
                0x08003814       0x48 c:/develop/gnu arm embedded toolchain/10 2021.10/bin/../lib/gcc/arm-none-eabi/10.3.1/../../../../arm-none-eabi/lib/thumb/v7-m/nofp\libc.a(lib_a-init.o)
                0x08003814                __libc_init_array
 .text.memset   0x0800385c       0xa4 c:/develop/gnu arm embedded toolchain/10 2021.10/bin/../lib/gcc/arm-none-eabi/10.3.1/../../../../arm-none-eabi/lib/thumb/v7-m/nofp\libc.a(lib_a-memset.o)
                0x0800385c                memset
 .text.snprintf
                0x08003900       0x84 c:/develop/gnu arm embedded toolchain/10 2021.10/bin/../lib/gcc/arm-none-eabi/10.3.1/../../../../arm-none-eabi/lib/thumb/v7-m/nofp\libc.a(lib_a-snprintf.o)
                0x08003900                snprintf
 .text.strlen   0x08003984       0x5c c:/develop/gnu arm embedded toolchain/10 2021.10/bin/../lib/gcc/arm-none-eabi/10.3.1/../../../../arm-none-eabi/lib/thumb/v7-m/nofp\libc.a(lib_a-strlen-stub.o)
                0x08003984                strlen
 .text._svfprintf_r
                0x080039e0     0x1aa4 c:/develop/gnu arm embedded toolchain/10 2021.10/bin/../lib/gcc/arm-none-eabi/10.3.1/../../../../arm-none-eabi/lib/thumb/v7-m/nofp\libc.a(lib_a-svfprintf.o)
                0x080039e0                _svfprintf_r
 .text.vsprintf
                0x08005484       0x38 c:/develop/gnu arm embedded toolchain/10 2021.10/bin/../lib/gcc/arm-none-eabi/10.3.1/../../../../arm-none-eabi/lib/thumb/v7-m/nofp\libc.a(lib_a-vsprintf.o)
                0x08005484                vsprintf
 .text.startup.register_fini
                0x080054bc       0x14 c:/develop/gnu arm embedded toolchain/10 2021.10/bin/../lib/gcc/arm-none-eabi/10.3.1/../../../../arm-none-eabi/lib/thumb/v7-m/nofp\libc.a(lib_a-__call_atexit.o)
 .text.atexit   0x080054d0        0xc c:/develop/gnu arm embedded toolchain/10 2021.10/bin/../lib/gcc/arm-none-eabi/10.3.1/../../../../arm-none-eabi/lib/thumb/v7-m/nofp\libc.a(lib_a-atexit.o)
                0x080054d0                atexit
 .text.quorem   0x080054dc      0x12c c:/develop/gnu arm embedded toolchain/10 2021.10/bin/../lib/gcc/arm-none-eabi/10.3.1/../../../../arm-none-eabi/lib/thumb/v7-m/nofp\libc.a(lib_a-dtoa.o)
 .text._dtoa_r  0x08005608      0xecc c:/develop/gnu arm embedded toolchain/10 2021.10/bin/../lib/gcc/arm-none-eabi/10.3.1/../../../../arm-none-eabi/lib/thumb/v7-m/nofp\libc.a(lib_a-dtoa.o)
                0x08005608                _dtoa_r
 .text.__libc_fini_array
                0x080064d4       0x2c c:/develop/gnu arm embedded toolchain/10 2021.10/bin/../lib/gcc/arm-none-eabi/10.3.1/../../../../arm-none-eabi/lib/thumb/v7-m/nofp\libc.a(lib_a-fini.o)
                0x080064d4                __libc_fini_array
 .text._malloc_trim_r
                0x08006500       0xa0 c:/develop/gnu arm embedded toolchain/10 2021.10/bin/../lib/gcc/arm-none-eabi/10.3.1/../../../../arm-none-eabi/lib/thumb/v7-m/nofp\libc.a(lib_a-freer.o)
                0x08006500                _malloc_trim_r
 .text._free_r  0x080065a0      0x200 c:/develop/gnu arm embedded toolchain/10 2021.10/bin/../lib/gcc/arm-none-eabi/10.3.1/../../../../arm-none-eabi/lib/thumb/v7-m/nofp\libc.a(lib_a-freer.o)
                0x080065a0                _free_r
 .text._localeconv_r
                0x080067a0        0x8 c:/develop/gnu arm embedded toolchain/10 2021.10/bin/../lib/gcc/arm-none-eabi/10.3.1/../../../../arm-none-eabi/lib/thumb/v7-m/nofp\libc.a(lib_a-localeconv.o)
                0x080067a0                _localeconv_r
 .text.__retarget_lock_init_recursive
                0x080067a8        0x4 c:/develop/gnu arm embedded toolchain/10 2021.10/bin/../lib/gcc/arm-none-eabi/10.3.1/../../../../arm-none-eabi/lib/thumb/v7-m/nofp\libc.a(lib_a-lock.o)
                0x080067a8                __retarget_lock_init_recursive
 .text.__retarget_lock_close_recursive
                0x080067ac        0x4 c:/develop/gnu arm embedded toolchain/10 2021.10/bin/../lib/gcc/arm-none-eabi/10.3.1/../../../../arm-none-eabi/lib/thumb/v7-m/nofp\libc.a(lib_a-lock.o)
                0x080067ac                __retarget_lock_close_recursive
 .text.__retarget_lock_acquire_recursive
                0x080067b0        0x4 c:/develop/gnu arm embedded toolchain/10 2021.10/bin/../lib/gcc/arm-none-eabi/10.3.1/../../../../arm-none-eabi/lib/thumb/v7-m/nofp\libc.a(lib_a-lock.o)
                0x080067b0                __retarget_lock_acquire_recursive
 .text.__retarget_lock_release_recursive
                0x080067b4        0x4 c:/develop/gnu arm embedded toolchain/10 2021.10/bin/../lib/gcc/arm-none-eabi/10.3.1/../../../../arm-none-eabi/lib/thumb/v7-m/nofp\libc.a(lib_a-lock.o)
                0x080067b4                __retarget_lock_release_recursive
 .text._malloc_r
                0x080067b8      0x558 c:/develop/gnu arm embedded toolchain/10 2021.10/bin/../lib/gcc/arm-none-eabi/10.3.1/../../../../arm-none-eabi/lib/thumb/v7-m/nofp\libc.a(lib_a-mallocr.o)
                0x080067b8                _malloc_r
 .text.memchr   0x08006d10       0x90 c:/develop/gnu arm embedded toolchain/10 2021.10/bin/../lib/gcc/arm-none-eabi/10.3.1/../../../../arm-none-eabi/lib/thumb/v7-m/nofp\libc.a(lib_a-memchr-stub.o)
                0x08006d10                memchr
 .text.__malloc_lock
                0x08006da0        0xc c:/develop/gnu arm embedded toolchain/10 2021.10/bin/../lib/gcc/arm-none-eabi/10.3.1/../../../../arm-none-eabi/lib/thumb/v7-m/nofp\libc.a(lib_a-mlock.o)
                0x08006da0                __malloc_lock
 .text.__malloc_unlock
                0x08006dac        0xc c:/develop/gnu arm embedded toolchain/10 2021.10/bin/../lib/gcc/arm-none-eabi/10.3.1/../../../../arm-none-eabi/lib/thumb/v7-m/nofp\libc.a(lib_a-mlock.o)
                0x08006dac                __malloc_unlock
 .text._Balloc  0x08006db8       0x4c c:/develop/gnu arm embedded toolchain/10 2021.10/bin/../lib/gcc/arm-none-eabi/10.3.1/../../../../arm-none-eabi/lib/thumb/v7-m/nofp\libc.a(lib_a-mprec.o)
                0x08006db8                _Balloc
 .text._Bfree   0x08006e04       0x14 c:/develop/gnu arm embedded toolchain/10 2021.10/bin/../lib/gcc/arm-none-eabi/10.3.1/../../../../arm-none-eabi/lib/thumb/v7-m/nofp\libc.a(lib_a-mprec.o)
                0x08006e04                _Bfree
 .text.__multadd
                0x08006e18       0xa4 c:/develop/gnu arm embedded toolchain/10 2021.10/bin/../lib/gcc/arm-none-eabi/10.3.1/../../../../arm-none-eabi/lib/thumb/v7-m/nofp\libc.a(lib_a-mprec.o)
                0x08006e18                __multadd
 .text.__hi0bits
                0x08006ebc       0x40 c:/develop/gnu arm embedded toolchain/10 2021.10/bin/../lib/gcc/arm-none-eabi/10.3.1/../../../../arm-none-eabi/lib/thumb/v7-m/nofp\libc.a(lib_a-mprec.o)
                0x08006ebc                __hi0bits
 .text.__lo0bits
                0x08006efc       0x58 c:/develop/gnu arm embedded toolchain/10 2021.10/bin/../lib/gcc/arm-none-eabi/10.3.1/../../../../arm-none-eabi/lib/thumb/v7-m/nofp\libc.a(lib_a-mprec.o)
                0x08006efc                __lo0bits
 .text.__i2b    0x08006f54       0x5c c:/develop/gnu arm embedded toolchain/10 2021.10/bin/../lib/gcc/arm-none-eabi/10.3.1/../../../../arm-none-eabi/lib/thumb/v7-m/nofp\libc.a(lib_a-mprec.o)
                0x08006f54                __i2b
 .text.__multiply
                0x08006fb0      0x15c c:/develop/gnu arm embedded toolchain/10 2021.10/bin/../lib/gcc/arm-none-eabi/10.3.1/../../../../arm-none-eabi/lib/thumb/v7-m/nofp\libc.a(lib_a-mprec.o)
                0x08006fb0                __multiply
 .text.__pow5mult
                0x0800710c       0xb8 c:/develop/gnu arm embedded toolchain/10 2021.10/bin/../lib/gcc/arm-none-eabi/10.3.1/../../../../arm-none-eabi/lib/thumb/v7-m/nofp\libc.a(lib_a-mprec.o)
                0x0800710c                __pow5mult
 .text.__lshift
                0x080071c4       0xec c:/develop/gnu arm embedded toolchain/10 2021.10/bin/../lib/gcc/arm-none-eabi/10.3.1/../../../../arm-none-eabi/lib/thumb/v7-m/nofp\libc.a(lib_a-mprec.o)
                0x080071c4                __lshift
 .text.__mcmp   0x080072b0       0x40 c:/develop/gnu arm embedded toolchain/10 2021.10/bin/../lib/gcc/arm-none-eabi/10.3.1/../../../../arm-none-eabi/lib/thumb/v7-m/nofp\libc.a(lib_a-mprec.o)
                0x080072b0                __mcmp
 .text.__mdiff  0x080072f0      0x14c c:/develop/gnu arm embedded toolchain/10 2021.10/bin/../lib/gcc/arm-none-eabi/10.3.1/../../../../arm-none-eabi/lib/thumb/v7-m/nofp\libc.a(lib_a-mprec.o)
                0x080072f0                __mdiff
 .text.__d2b    0x0800743c       0xc4 c:/develop/gnu arm embedded toolchain/10 2021.10/bin/../lib/gcc/arm-none-eabi/10.3.1/../../../../arm-none-eabi/lib/thumb/v7-m/nofp\libc.a(lib_a-mprec.o)
                0x0800743c                __d2b
 .text.frexp    0x08007500       0x70 c:/develop/gnu arm embedded toolchain/10 2021.10/bin/../lib/gcc/arm-none-eabi/10.3.1/../../../../arm-none-eabi/lib/thumb/v7-m/nofp\libc.a(lib_a-s_frexp.o)
                0x08007500                frexp
 .text._sbrk_r  0x08007570       0x24 c:/develop/gnu arm embedded toolchain/10 2021.10/bin/../lib/gcc/arm-none-eabi/10.3.1/../../../../arm-none-eabi/lib/thumb/v7-m/nofp\libc.a(lib_a-sbrkr.o)
                0x08007570                _sbrk_r
 .text.strncpy  0x08007594       0x68 c:/develop/gnu arm embedded toolchain/10 2021.10/bin/../lib/gcc/arm-none-eabi/10.3.1/../../../../arm-none-eabi/lib/thumb/v7-m/nofp\libc.a(lib_a-strncpy.o)
                0x08007594                strncpy
 .text.__ssprint_r
                0x080075fc       0xfc c:/develop/gnu arm embedded toolchain/10 2021.10/bin/../lib/gcc/arm-none-eabi/10.3.1/../../../../arm-none-eabi/lib/thumb/v7-m/nofp\libc.a(lib_a-svfiprintf.o)
                0x080075fc                __ssprint_r
 .text.__register_exitproc
                0x080076f8       0x8c c:/develop/gnu arm embedded toolchain/10 2021.10/bin/../lib/gcc/arm-none-eabi/10.3.1/../../../../arm-none-eabi/lib/thumb/v7-m/nofp\libc.a(lib_a-__atexit.o)
                0x080076f8                __register_exitproc
 .text.__assert_func
                0x08007784       0x40 c:/develop/gnu arm embedded toolchain/10 2021.10/bin/../lib/gcc/arm-none-eabi/10.3.1/../../../../arm-none-eabi/lib/thumb/v7-m/nofp\libc.a(lib_a-assert.o)
                0x08007784                __assert_func
 .text._calloc_r
                0x080077c4       0x78 c:/develop/gnu arm embedded toolchain/10 2021.10/bin/../lib/gcc/arm-none-eabi/10.3.1/../../../../arm-none-eabi/lib/thumb/v7-m/nofp\libc.a(lib_a-callocr.o)
                0x080077c4                _calloc_r
 .text.__errno  0x0800783c        0xc c:/develop/gnu arm embedded toolchain/10 2021.10/bin/../lib/gcc/arm-none-eabi/10.3.1/../../../../arm-none-eabi/lib/thumb/v7-m/nofp\libc.a(lib_a-errno.o)
                0x0800783c                __errno
 .text.fiprintf
                0x08007848       0x28 c:/develop/gnu arm embedded toolchain/10 2021.10/bin/../lib/gcc/arm-none-eabi/10.3.1/../../../../arm-none-eabi/lib/thumb/v7-m/nofp\libc.a(lib_a-fiprintf.o)
                0x08007848                fiprintf
 .text.__locale_mb_cur_max
                0x08007870        0xc c:/develop/gnu arm embedded toolchain/10 2021.10/bin/../lib/gcc/arm-none-eabi/10.3.1/../../../../arm-none-eabi/lib/thumb/v7-m/nofp\libc.a(lib_a-locale.o)
                0x08007870                __locale_mb_cur_max
 .text.__ascii_mbtowc
                0x0800787c       0x2c c:/develop/gnu arm embedded toolchain/10 2021.10/bin/../lib/gcc/arm-none-eabi/10.3.1/../../../../arm-none-eabi/lib/thumb/v7-m/nofp\libc.a(lib_a-mbtowc_r.o)
                0x0800787c                __ascii_mbtowc
 .text.memmove  0x080078a8       0xf8 c:/develop/gnu arm embedded toolchain/10 2021.10/bin/../lib/gcc/arm-none-eabi/10.3.1/../../../../arm-none-eabi/lib/thumb/v7-m/nofp\libc.a(lib_a-memmove.o)
                0x080078a8                memmove
 .text._realloc_r
                0x080079a0      0x3dc c:/develop/gnu arm embedded toolchain/10 2021.10/bin/../lib/gcc/arm-none-eabi/10.3.1/../../../../arm-none-eabi/lib/thumb/v7-m/nofp\libc.a(lib_a-reallocr.o)
                0x080079a0                _realloc_r
 .text.__sprint_r.part.0
                0x08007d7c       0x78 c:/develop/gnu arm embedded toolchain/10 2021.10/bin/../lib/gcc/arm-none-eabi/10.3.1/../../../../arm-none-eabi/lib/thumb/v7-m/nofp\libc.a(lib_a-vfiprintf.o)
 .text._vfiprintf_r
                0x08007df4      0xd98 c:/develop/gnu arm embedded toolchain/10 2021.10/bin/../lib/gcc/arm-none-eabi/10.3.1/../../../../arm-none-eabi/lib/thumb/v7-m/nofp\libc.a(lib_a-vfiprintf.o)
                0x08007df4                _vfiprintf_r
 .text.__sbprintf
                0x08008b8c       0x84 c:/develop/gnu arm embedded toolchain/10 2021.10/bin/../lib/gcc/arm-none-eabi/10.3.1/../../../../arm-none-eabi/lib/thumb/v7-m/nofp\libc.a(lib_a-vfiprintf.o)
 .text.__ascii_wctomb
                0x08008c10       0x1c c:/develop/gnu arm embedded toolchain/10 2021.10/bin/../lib/gcc/arm-none-eabi/10.3.1/../../../../arm-none-eabi/lib/thumb/v7-m/nofp\libc.a(lib_a-wctomb_r.o)
                0x08008c10                __ascii_wctomb
 .text.__swsetup_r
                0x08008c2c       0xd4 c:/develop/gnu arm embedded toolchain/10 2021.10/bin/../lib/gcc/arm-none-eabi/10.3.1/../../../../arm-none-eabi/lib/thumb/v7-m/nofp\libc.a(lib_a-wsetup.o)
                0x08008c2c                __swsetup_r
 .text.abort    0x08008d00       0x10 c:/develop/gnu arm embedded toolchain/10 2021.10/bin/../lib/gcc/arm-none-eabi/10.3.1/../../../../arm-none-eabi/lib/thumb/v7-m/nofp\libc.a(lib_a-abort.o)
                0x08008d00                abort
 .text.__sflush_r
                0x08008d10      0x124 c:/develop/gnu arm embedded toolchain/10 2021.10/bin/../lib/gcc/arm-none-eabi/10.3.1/../../../../arm-none-eabi/lib/thumb/v7-m/nofp\libc.a(lib_a-fflush.o)
                0x08008d10                __sflush_r
 .text._fflush_r
                0x08008e34       0x5c c:/develop/gnu arm embedded toolchain/10 2021.10/bin/../lib/gcc/arm-none-eabi/10.3.1/../../../../arm-none-eabi/lib/thumb/v7-m/nofp\libc.a(lib_a-fflush.o)
                0x08008e34                _fflush_r
 .text._cleanup_r
                0x08008e90        0xc c:/develop/gnu arm embedded toolchain/10 2021.10/bin/../lib/gcc/arm-none-eabi/10.3.1/../../../../arm-none-eabi/lib/thumb/v7-m/nofp\libc.a(lib_a-findfp.o)
                0x08008e90                _cleanup_r
 .text.__sinit  0x08008e9c      0x10c c:/develop/gnu arm embedded toolchain/10 2021.10/bin/../lib/gcc/arm-none-eabi/10.3.1/../../../../arm-none-eabi/lib/thumb/v7-m/nofp\libc.a(lib_a-findfp.o)
                0x08008e9c                __sinit
 .text.__sfp_lock_acquire
                0x08008fa8        0xc c:/develop/gnu arm embedded toolchain/10 2021.10/bin/../lib/gcc/arm-none-eabi/10.3.1/../../../../arm-none-eabi/lib/thumb/v7-m/nofp\libc.a(lib_a-findfp.o)
                0x08008fa8                __sfp_lock_acquire
 .text.__sfp_lock_release
                0x08008fb4        0xc c:/develop/gnu arm embedded toolchain/10 2021.10/bin/../lib/gcc/arm-none-eabi/10.3.1/../../../../arm-none-eabi/lib/thumb/v7-m/nofp\libc.a(lib_a-findfp.o)
                0x08008fb4                __sfp_lock_release
 .text.__fputwc
                0x08008fc0       0xa0 c:/develop/gnu arm embedded toolchain/10 2021.10/bin/../lib/gcc/arm-none-eabi/10.3.1/../../../../arm-none-eabi/lib/thumb/v7-m/nofp\libc.a(lib_a-fputwc.o)
                0x08008fc0                __fputwc
 .text._fputwc_r
                0x08009060       0x68 c:/develop/gnu arm embedded toolchain/10 2021.10/bin/../lib/gcc/arm-none-eabi/10.3.1/../../../../arm-none-eabi/lib/thumb/v7-m/nofp\libc.a(lib_a-fputwc.o)
                0x08009060                _fputwc_r
 .text.__sfvwrite_r
                0x080090c8      0x2f0 c:/develop/gnu arm embedded toolchain/10 2021.10/bin/../lib/gcc/arm-none-eabi/10.3.1/../../../../arm-none-eabi/lib/thumb/v7-m/nofp\libc.a(lib_a-fvwrite.o)
                0x080090c8                __sfvwrite_r
 .text._fwalk_reent
                0x080093b8       0x48 c:/develop/gnu arm embedded toolchain/10 2021.10/bin/../lib/gcc/arm-none-eabi/10.3.1/../../../../arm-none-eabi/lib/thumb/v7-m/nofp\libc.a(lib_a-fwalk.o)
                0x080093b8                _fwalk_reent
 .text.__smakebuf_r
                0x08009400       0xe0 c:/develop/gnu arm embedded toolchain/10 2021.10/bin/../lib/gcc/arm-none-eabi/10.3.1/../../../../arm-none-eabi/lib/thumb/v7-m/nofp\libc.a(lib_a-makebuf.o)
                0x08009400                __smakebuf_r
 .text.raise    0x080094e0       0x5c c:/develop/gnu arm embedded toolchain/10 2021.10/bin/../lib/gcc/arm-none-eabi/10.3.1/../../../../arm-none-eabi/lib/thumb/v7-m/nofp\libc.a(lib_a-signal.o)
                0x080094e0                raise
 .text._kill_r  0x0800953c       0x28 c:/develop/gnu arm embedded toolchain/10 2021.10/bin/../lib/gcc/arm-none-eabi/10.3.1/../../../../arm-none-eabi/lib/thumb/v7-m/nofp\libc.a(lib_a-signalr.o)
                0x0800953c                _kill_r
 .text._getpid_r
                0x08009564        0x4 c:/develop/gnu arm embedded toolchain/10 2021.10/bin/../lib/gcc/arm-none-eabi/10.3.1/../../../../arm-none-eabi/lib/thumb/v7-m/nofp\libc.a(lib_a-signalr.o)
                0x08009564                _getpid_r
 .text.__sread  0x08009568       0x24 c:/develop/gnu arm embedded toolchain/10 2021.10/bin/../lib/gcc/arm-none-eabi/10.3.1/../../../../arm-none-eabi/lib/thumb/v7-m/nofp\libc.a(lib_a-stdio.o)
                0x08009568                __sread
 .text.__swrite
                0x0800958c       0x40 c:/develop/gnu arm embedded toolchain/10 2021.10/bin/../lib/gcc/arm-none-eabi/10.3.1/../../../../arm-none-eabi/lib/thumb/v7-m/nofp\libc.a(lib_a-stdio.o)
                0x0800958c                __swrite
 .text.__sseek  0x080095cc       0x20 c:/develop/gnu arm embedded toolchain/10 2021.10/bin/../lib/gcc/arm-none-eabi/10.3.1/../../../../arm-none-eabi/lib/thumb/v7-m/nofp\libc.a(lib_a-stdio.o)
                0x080095cc                __sseek
 .text.__sclose
                0x080095ec        0x8 c:/develop/gnu arm embedded toolchain/10 2021.10/bin/../lib/gcc/arm-none-eabi/10.3.1/../../../../arm-none-eabi/lib/thumb/v7-m/nofp\libc.a(lib_a-stdio.o)
                0x080095ec                __sclose
 .text.__swbuf_r
                0x080095f4       0xb0 c:/develop/gnu arm embedded toolchain/10 2021.10/bin/../lib/gcc/arm-none-eabi/10.3.1/../../../../arm-none-eabi/lib/thumb/v7-m/nofp\libc.a(lib_a-wbuf.o)
                0x080095f4                __swbuf_r
 .text._wcrtomb_r
                0x080096a4       0x3c c:/develop/gnu arm embedded toolchain/10 2021.10/bin/../lib/gcc/arm-none-eabi/10.3.1/../../../../arm-none-eabi/lib/thumb/v7-m/nofp\libc.a(lib_a-wcrtomb.o)
                0x080096a4                _wcrtomb_r
 .text._write_r
                0x080096e0       0x2c c:/develop/gnu arm embedded toolchain/10 2021.10/bin/../lib/gcc/arm-none-eabi/10.3.1/../../../../arm-none-eabi/lib/thumb/v7-m/nofp\libc.a(lib_a-writer.o)
                0x080096e0                _write_r
 .text._close_r
                0x0800970c       0x24 c:/develop/gnu arm embedded toolchain/10 2021.10/bin/../lib/gcc/arm-none-eabi/10.3.1/../../../../arm-none-eabi/lib/thumb/v7-m/nofp\libc.a(lib_a-closer.o)
                0x0800970c                _close_r
 .text._fclose_r
                0x08009730       0xcc c:/develop/gnu arm embedded toolchain/10 2021.10/bin/../lib/gcc/arm-none-eabi/10.3.1/../../../../arm-none-eabi/lib/thumb/v7-m/nofp\libc.a(lib_a-fclose.o)
                0x08009730                _fclose_r
 .text._fstat_r
                0x080097fc       0x28 c:/develop/gnu arm embedded toolchain/10 2021.10/bin/../lib/gcc/arm-none-eabi/10.3.1/../../../../arm-none-eabi/lib/thumb/v7-m/nofp\libc.a(lib_a-fstatr.o)
                0x080097fc                _fstat_r
 .text._isatty_r
                0x08009824       0x24 c:/develop/gnu arm embedded toolchain/10 2021.10/bin/../lib/gcc/arm-none-eabi/10.3.1/../../../../arm-none-eabi/lib/thumb/v7-m/nofp\libc.a(lib_a-isattyr.o)
                0x08009824                _isatty_r
 .text._lseek_r
                0x08009848       0x2c c:/develop/gnu arm embedded toolchain/10 2021.10/bin/../lib/gcc/arm-none-eabi/10.3.1/../../../../arm-none-eabi/lib/thumb/v7-m/nofp\libc.a(lib_a-lseekr.o)
                0x08009848                _lseek_r
 .text._read_r  0x08009874       0x2c c:/develop/gnu arm embedded toolchain/10 2021.10/bin/../lib/gcc/arm-none-eabi/10.3.1/../../../../arm-none-eabi/lib/thumb/v7-m/nofp\libc.a(lib_a-readr.o)
                0x08009874                _read_r
 .text._close   0x080098a0       0x10 c:/develop/gnu arm embedded toolchain/10 2021.10/bin/../lib/gcc/arm-none-eabi/10.3.1/../../../../arm-none-eabi/lib/thumb/v7-m/nofp\libnosys.a(close.o)
                0x080098a0                _close
 .text._fstat   0x080098b0       0x10 c:/develop/gnu arm embedded toolchain/10 2021.10/bin/../lib/gcc/arm-none-eabi/10.3.1/../../../../arm-none-eabi/lib/thumb/v7-m/nofp\libnosys.a(fstat.o)
                0x080098b0                _fstat
 .text._getpid  0x080098c0       0x10 c:/develop/gnu arm embedded toolchain/10 2021.10/bin/../lib/gcc/arm-none-eabi/10.3.1/../../../../arm-none-eabi/lib/thumb/v7-m/nofp\libnosys.a(getpid.o)
                0x080098c0                _getpid
 .text._isatty  0x080098d0       0x10 c:/develop/gnu arm embedded toolchain/10 2021.10/bin/../lib/gcc/arm-none-eabi/10.3.1/../../../../arm-none-eabi/lib/thumb/v7-m/nofp\libnosys.a(isatty.o)
                0x080098d0                _isatty
 .text._kill    0x080098e0       0x10 c:/develop/gnu arm embedded toolchain/10 2021.10/bin/../lib/gcc/arm-none-eabi/10.3.1/../../../../arm-none-eabi/lib/thumb/v7-m/nofp\libnosys.a(kill.o)
                0x080098e0                _kill
 .text._lseek   0x080098f0       0x10 c:/develop/gnu arm embedded toolchain/10 2021.10/bin/../lib/gcc/arm-none-eabi/10.3.1/../../../../arm-none-eabi/lib/thumb/v7-m/nofp\libnosys.a(lseek.o)
                0x080098f0                _lseek
 .text._read    0x08009900       0x10 c:/develop/gnu arm embedded toolchain/10 2021.10/bin/../lib/gcc/arm-none-eabi/10.3.1/../../../../arm-none-eabi/lib/thumb/v7-m/nofp\libnosys.a(read.o)
                0x08009900                _read
 .text._sbrk    0x08009910       0x1c c:/develop/gnu arm embedded toolchain/10 2021.10/bin/../lib/gcc/arm-none-eabi/10.3.1/../../../../arm-none-eabi/lib/thumb/v7-m/nofp\libnosys.a(sbrk.o)
                0x08009910                _sbrk
 .text._write   0x0800992c       0x10 c:/develop/gnu arm embedded toolchain/10 2021.10/bin/../lib/gcc/arm-none-eabi/10.3.1/../../../../arm-none-eabi/lib/thumb/v7-m/nofp\libnosys.a(write.o)
                0x0800992c                _write
 .text._exit    0x0800993c        0x4 c:/develop/gnu arm embedded toolchain/10 2021.10/bin/../lib/gcc/arm-none-eabi/10.3.1/../../../../arm-none-eabi/lib/thumb/v7-m/nofp\libnosys.a(_exit.o)
                0x0800993c                _exit
 *(.glue_7)
 .glue_7        0x08009940        0x0 linker stubs
 *(.glue_7t)
 .glue_7t       0x08009940        0x0 linker stubs
 *(.eh_frame)
 .eh_frame      0x08009940        0x0 c:/develop/gnu arm embedded toolchain/10 2021.10/bin/../lib/gcc/arm-none-eabi/10.3.1/thumb/v7-m/nofp/crtbegin.o
 *(.init)
 .init          0x08009940        0x4 c:/develop/gnu arm embedded toolchain/10 2021.10/bin/../lib/gcc/arm-none-eabi/10.3.1/thumb/v7-m/nofp/crti.o
                0x08009940                _init
 .init          0x08009944        0x8 c:/develop/gnu arm embedded toolchain/10 2021.10/bin/../lib/gcc/arm-none-eabi/10.3.1/thumb/v7-m/nofp/crtn.o
 *(.fini)
 .fini          0x0800994c        0x4 c:/develop/gnu arm embedded toolchain/10 2021.10/bin/../lib/gcc/arm-none-eabi/10.3.1/thumb/v7-m/nofp/crti.o
                0x0800994c                _fini
 .fini          0x08009950        0x8 c:/develop/gnu arm embedded toolchain/10 2021.10/bin/../lib/gcc/arm-none-eabi/10.3.1/thumb/v7-m/nofp/crtn.o
                0x08009958                . = ALIGN (0x4)
                0x08009958                _etext = .

.vfp11_veneer   0x08009958        0x0
 .vfp11_veneer  0x08009958        0x0 linker stubs

.v4_bx          0x08009958        0x0
 .v4_bx         0x08009958        0x0 linker stubs

.iplt           0x08009958        0x0
 .iplt          0x08009958        0x0 c:/develop/gnu arm embedded toolchain/10 2021.10/bin/../lib/gcc/arm-none-eabi/10.3.1/thumb/v7-m/nofp/crtbegin.o

.rodata         0x08009958      0x780
                0x08009958                . = ALIGN (0x4)
 *(.rodata)
 *(.rodata*)
 .rodata.main.str1.4
                0x08009958       0x32 build/main.o
 *fill*         0x0800998a        0x2 
 .rodata.__FUNCTION__.0
                0x0800998c        0x5 build/main.o
 *fill*         0x08009991        0x3 
 .rodata.HAL_GPIO_EXTI_Callback.str1.4
                0x08009994       0x1e build/stm32f1xx_it.o
 *fill*         0x080099b2        0x2 
 .rodata.__FUNCTION__.0
                0x080099b4       0x17 build/stm32f1xx_it.o
 *fill*         0x080099cb        0x1 
 .rodata.aPLLMULFactorTable.1
                0x080099cc       0x10 build/stm32f1xx_hal_rcc.o
 .rodata.aPredivFactorTable.0
                0x080099dc        0x2 build/stm32f1xx_hal_rcc.o
 *fill*         0x080099de        0x2 
 .rodata.AHBPrescTable
                0x080099e0       0x10 build/system_stm32f1xx.o
                0x080099e0                AHBPrescTable
 .rodata.APBPrescTable
                0x080099f0        0x8 build/system_stm32f1xx.o
                0x080099f0                APBPrescTable
 .rodata.CAW_LOG_Write.str1.4
                0x080099f8      0x101 build/log.o
 *fill*         0x08009af9        0x3 
 .rodata.CAW_LOG_Welcome.str1.4
                0x08009afc      0x16f build/log.o
 *fill*         0x08009c6b        0x1 
 .rodata._I2C_READ_BYTE.str1.4
                0x08009c6c       0x36 build/bq76920.o
 *fill*         0x08009ca2        0x2 
 .rodata._I2C_WRITE_BYTE.str1.4
                0x08009ca4       0x17 build/bq76920.o
 *fill*         0x08009cbb        0x1 
 .rodata.__FUNCTION__.0
                0x08009cbc       0x10 build/bq76920.o
 .rodata.__FUNCTION__.1
                0x08009ccc        0xf build/bq76920.o
 *fill*         0x08009cdb        0x1 
 .rodata._global_impure_ptr
                0x08009cdc        0x4 c:/develop/gnu arm embedded toolchain/10 2021.10/bin/../lib/gcc/arm-none-eabi/10.3.1/../../../../arm-none-eabi/lib/thumb/v7-m/nofp\libc.a(lib_a-impure.o)
                0x08009cdc                _global_impure_ptr
 .rodata._svfprintf_r.str1.4
                0x08009ce0       0x42 c:/develop/gnu arm embedded toolchain/10 2021.10/bin/../lib/gcc/arm-none-eabi/10.3.1/../../../../arm-none-eabi/lib/thumb/v7-m/nofp\libc.a(lib_a-svfprintf.o)
 *fill*         0x08009d22        0x2 
 .rodata.blanks.1
                0x08009d24       0x10 c:/develop/gnu arm embedded toolchain/10 2021.10/bin/../lib/gcc/arm-none-eabi/10.3.1/../../../../arm-none-eabi/lib/thumb/v7-m/nofp\libc.a(lib_a-svfprintf.o)
 .rodata.zeroes.0
                0x08009d34       0x10 c:/develop/gnu arm embedded toolchain/10 2021.10/bin/../lib/gcc/arm-none-eabi/10.3.1/../../../../arm-none-eabi/lib/thumb/v7-m/nofp\libc.a(lib_a-svfprintf.o)
 .rodata._dtoa_r.str1.4
                0x08009d44       0xa2 c:/develop/gnu arm embedded toolchain/10 2021.10/bin/../lib/gcc/arm-none-eabi/10.3.1/../../../../arm-none-eabi/lib/thumb/v7-m/nofp\libc.a(lib_a-dtoa.o)
                                 0xa6 (size before relaxing)
 *fill*         0x08009de6        0x2 
 .rodata.__multadd.str1.4
                0x08009de8       0x7f c:/develop/gnu arm embedded toolchain/10 2021.10/bin/../lib/gcc/arm-none-eabi/10.3.1/../../../../arm-none-eabi/lib/thumb/v7-m/nofp\libc.a(lib_a-mprec.o)
                                 0x93 (size before relaxing)
 *fill*         0x08009e67        0x1 
 .rodata.__mprec_bigtens
                0x08009e68       0x28 c:/develop/gnu arm embedded toolchain/10 2021.10/bin/../lib/gcc/arm-none-eabi/10.3.1/../../../../arm-none-eabi/lib/thumb/v7-m/nofp\libc.a(lib_a-mprec.o)
                0x08009e68                __mprec_bigtens
 .rodata.__mprec_tens
                0x08009e90       0xc8 c:/develop/gnu arm embedded toolchain/10 2021.10/bin/../lib/gcc/arm-none-eabi/10.3.1/../../../../arm-none-eabi/lib/thumb/v7-m/nofp\libc.a(lib_a-mprec.o)
                0x08009e90                __mprec_tens
 .rodata.p05.0  0x08009f58        0xc c:/develop/gnu arm embedded toolchain/10 2021.10/bin/../lib/gcc/arm-none-eabi/10.3.1/../../../../arm-none-eabi/lib/thumb/v7-m/nofp\libc.a(lib_a-mprec.o)
 .rodata.__assert_func.str1.4
                0x08009f64       0x3f c:/develop/gnu arm embedded toolchain/10 2021.10/bin/../lib/gcc/arm-none-eabi/10.3.1/../../../../arm-none-eabi/lib/thumb/v7-m/nofp\libc.a(lib_a-assert.o)
                                 0x43 (size before relaxing)
 *fill*         0x08009fa3        0x1 
 .rodata._setlocale_r.str1.4
                0x08009fa4        0xa c:/develop/gnu arm embedded toolchain/10 2021.10/bin/../lib/gcc/arm-none-eabi/10.3.1/../../../../arm-none-eabi/lib/thumb/v7-m/nofp\libc.a(lib_a-locale.o)
                                  0xd (size before relaxing)
 *fill*         0x08009fae        0x2 
 .rodata.str1.4
                0x08009fb0        0x2 c:/develop/gnu arm embedded toolchain/10 2021.10/bin/../lib/gcc/arm-none-eabi/10.3.1/../../../../arm-none-eabi/lib/thumb/v7-m/nofp\libc.a(lib_a-locale.o)
 .rodata._vfiprintf_r.str1.4
                0x08009fb2       0x2f c:/develop/gnu arm embedded toolchain/10 2021.10/bin/../lib/gcc/arm-none-eabi/10.3.1/../../../../arm-none-eabi/lib/thumb/v7-m/nofp\libc.a(lib_a-vfiprintf.o)
 *fill*         0x08009fb2        0x2 
 .rodata.blanks.1
                0x08009fb4       0x10 c:/develop/gnu arm embedded toolchain/10 2021.10/bin/../lib/gcc/arm-none-eabi/10.3.1/../../../../arm-none-eabi/lib/thumb/v7-m/nofp\libc.a(lib_a-vfiprintf.o)
 .rodata.zeroes.0
                0x08009fc4       0x10 c:/develop/gnu arm embedded toolchain/10 2021.10/bin/../lib/gcc/arm-none-eabi/10.3.1/../../../../arm-none-eabi/lib/thumb/v7-m/nofp\libc.a(lib_a-vfiprintf.o)
 .rodata._ctype_
                0x08009fd4      0x101 c:/develop/gnu arm embedded toolchain/10 2021.10/bin/../lib/gcc/arm-none-eabi/10.3.1/../../../../arm-none-eabi/lib/thumb/v7-m/nofp\libc.a(lib_a-ctype_.o)
                0x08009fd4                _ctype_
                0x0800a0d8                . = ALIGN (0x4)
 *fill*         0x0800a0d5        0x3 

.ARM.extab
 *(.ARM.extab* .gnu.linkonce.armextab.*)

.ARM            0x0800a0d8        0x8
                0x0800a0d8                __exidx_start = .
 *(.ARM.exidx*)
 .ARM.exidx     0x0800a0d8        0x8 c:/develop/gnu arm embedded toolchain/10 2021.10/bin/../lib/gcc/arm-none-eabi/10.3.1/thumb/v7-m/nofp\libgcc.a(_udivmoddi4.o)
                0x0800a0e0                __exidx_end = .

.rel.dyn        0x0800a0e0        0x0
 .rel.iplt      0x0800a0e0        0x0 c:/develop/gnu arm embedded toolchain/10 2021.10/bin/../lib/gcc/arm-none-eabi/10.3.1/thumb/v7-m/nofp/crtbegin.o

.preinit_array  0x0800a0e0        0x0
                0x0800a0e0                PROVIDE (__preinit_array_start = .)
 *(.preinit_array*)
                0x0800a0e0                PROVIDE (__preinit_array_end = .)

.init_array     0x0800a0e0        0x8
                0x0800a0e0                PROVIDE (__init_array_start = .)
 *(SORT_BY_NAME(.init_array.*))
 .init_array.00000
                0x0800a0e0        0x4 c:/develop/gnu arm embedded toolchain/10 2021.10/bin/../lib/gcc/arm-none-eabi/10.3.1/../../../../arm-none-eabi/lib/thumb/v7-m/nofp\libc.a(lib_a-__call_atexit.o)
 *(.init_array*)
 .init_array    0x0800a0e4        0x4 c:/develop/gnu arm embedded toolchain/10 2021.10/bin/../lib/gcc/arm-none-eabi/10.3.1/thumb/v7-m/nofp/crtbegin.o
                0x0800a0e8                PROVIDE (__init_array_end = .)

.fini_array     0x0800a0e8        0x4
                0x0800a0e8                PROVIDE (__fini_array_start = .)
 *(SORT_BY_NAME(.fini_array.*))
 *(.fini_array*)
 .fini_array    0x0800a0e8        0x4 c:/develop/gnu arm embedded toolchain/10 2021.10/bin/../lib/gcc/arm-none-eabi/10.3.1/thumb/v7-m/nofp/crtbegin.o
                0x0800a0ec                PROVIDE (__fini_array_end = .)
                0x0800a0ec                _sidata = LOADADDR (.data)

.data           0x20000000      0x9b8 load address 0x0800a0ec
                0x20000000                . = ALIGN (0x4)
                0x20000000                _sdata = .
 *(.data)
 *(.data*)
 .data.uwTickFreq
                0x20000000        0x1 build/stm32f1xx_hal.o
                0x20000000                uwTickFreq
 *fill*         0x20000001        0x3 
 .data.uwTickPrio
                0x20000004        0x4 build/stm32f1xx_hal.o
                0x20000004                uwTickPrio
 .data.SystemCoreClock
                0x20000008        0x4 build/system_stm32f1xx.o
                0x20000008                SystemCoreClock
 .data._impure_ptr
                0x2000000c        0x4 c:/develop/gnu arm embedded toolchain/10 2021.10/bin/../lib/gcc/arm-none-eabi/10.3.1/../../../../arm-none-eabi/lib/thumb/v7-m/nofp\libc.a(lib_a-impure.o)
                0x2000000c                _impure_ptr
 .data.impure_data
                0x20000010      0x428 c:/develop/gnu arm embedded toolchain/10 2021.10/bin/../lib/gcc/arm-none-eabi/10.3.1/../../../../arm-none-eabi/lib/thumb/v7-m/nofp\libc.a(lib_a-impure.o)
 .data.__atexit_recursive_mutex
                0x20000438        0x4 c:/develop/gnu arm embedded toolchain/10 2021.10/bin/../lib/gcc/arm-none-eabi/10.3.1/../../../../arm-none-eabi/lib/thumb/v7-m/nofp\libc.a(lib_a-__call_atexit.o)
                0x20000438                __atexit_recursive_mutex
 .data.__malloc_av_
                0x2000043c      0x408 c:/develop/gnu arm embedded toolchain/10 2021.10/bin/../lib/gcc/arm-none-eabi/10.3.1/../../../../arm-none-eabi/lib/thumb/v7-m/nofp\libc.a(lib_a-mallocr.o)
                0x2000043c                __malloc_av_
 .data.__malloc_sbrk_base
                0x20000844        0x4 c:/develop/gnu arm embedded toolchain/10 2021.10/bin/../lib/gcc/arm-none-eabi/10.3.1/../../../../arm-none-eabi/lib/thumb/v7-m/nofp\libc.a(lib_a-mallocr.o)
                0x20000844                __malloc_sbrk_base
 .data.__malloc_trim_threshold
                0x20000848        0x4 c:/develop/gnu arm embedded toolchain/10 2021.10/bin/../lib/gcc/arm-none-eabi/10.3.1/../../../../arm-none-eabi/lib/thumb/v7-m/nofp\libc.a(lib_a-mallocr.o)
                0x20000848                __malloc_trim_threshold
 .data.__global_locale
                0x2000084c      0x16c c:/develop/gnu arm embedded toolchain/10 2021.10/bin/../lib/gcc/arm-none-eabi/10.3.1/../../../../arm-none-eabi/lib/thumb/v7-m/nofp\libc.a(lib_a-locale.o)
                0x2000084c                __global_locale
                0x200009b8                . = ALIGN (0x4)
                0x200009b8                _edata = .

.igot.plt       0x200009b8        0x0 load address 0x0800aaa4
 .igot.plt      0x200009b8        0x0 c:/develop/gnu arm embedded toolchain/10 2021.10/bin/../lib/gcc/arm-none-eabi/10.3.1/thumb/v7-m/nofp/crtbegin.o
                0x200009b8                . = ALIGN (0x4)

.bss            0x200009b8      0x188 load address 0x0800aaa4
                0x200009b8                _sbss = .
                0x200009b8                __bss_start__ = _sbss
 *(.bss)
 .bss           0x200009b8       0x1c c:/develop/gnu arm embedded toolchain/10 2021.10/bin/../lib/gcc/arm-none-eabi/10.3.1/thumb/v7-m/nofp/crtbegin.o
 *(.bss*)
 .bss.uwTick    0x200009d4        0x4 build/stm32f1xx_hal.o
                0x200009d4                uwTick
 .bss.hcan      0x200009d8       0x28 build/can.o
                0x200009d8                hcan
 .bss.hi2c1     0x20000a00       0x54 build/i2c.o
                0x20000a00                hi2c1
 .bss.hspi1     0x20000a54       0x58 build/spi.o
                0x20000a54                hspi1
 .bss.huart1    0x20000aac       0x48 build/usart.o
                0x20000aac                huart1
 .bss.__lock___atexit_recursive_mutex
                0x20000af4        0x1 c:/develop/gnu arm embedded toolchain/10 2021.10/bin/../lib/gcc/arm-none-eabi/10.3.1/../../../../arm-none-eabi/lib/thumb/v7-m/nofp\libc.a(lib_a-lock.o)
                0x20000af4                __lock___atexit_recursive_mutex
 *fill*         0x20000af5        0x3 
 .bss.__lock___malloc_recursive_mutex
                0x20000af8        0x1 c:/develop/gnu arm embedded toolchain/10 2021.10/bin/../lib/gcc/arm-none-eabi/10.3.1/../../../../arm-none-eabi/lib/thumb/v7-m/nofp\libc.a(lib_a-lock.o)
                0x20000af8                __lock___malloc_recursive_mutex
 *fill*         0x20000af9        0x3 
 .bss.__lock___sfp_recursive_mutex
                0x20000afc        0x1 c:/develop/gnu arm embedded toolchain/10 2021.10/bin/../lib/gcc/arm-none-eabi/10.3.1/../../../../arm-none-eabi/lib/thumb/v7-m/nofp\libc.a(lib_a-lock.o)
                0x20000afc                __lock___sfp_recursive_mutex
 *fill*         0x20000afd        0x3 
 .bss.__lock___sinit_recursive_mutex
                0x20000b00        0x1 c:/develop/gnu arm embedded toolchain/10 2021.10/bin/../lib/gcc/arm-none-eabi/10.3.1/../../../../arm-none-eabi/lib/thumb/v7-m/nofp\libc.a(lib_a-lock.o)
                0x20000b00                __lock___sinit_recursive_mutex
 *fill*         0x20000b01        0x3 
 .bss.__malloc_current_mallinfo
                0x20000b04       0x28 c:/develop/gnu arm embedded toolchain/10 2021.10/bin/../lib/gcc/arm-none-eabi/10.3.1/../../../../arm-none-eabi/lib/thumb/v7-m/nofp\libc.a(lib_a-mallocr.o)
                0x20000b04                __malloc_current_mallinfo
 .bss.__malloc_max_sbrked_mem
                0x20000b2c        0x4 c:/develop/gnu arm embedded toolchain/10 2021.10/bin/../lib/gcc/arm-none-eabi/10.3.1/../../../../arm-none-eabi/lib/thumb/v7-m/nofp\libc.a(lib_a-mallocr.o)
                0x20000b2c                __malloc_max_sbrked_mem
 .bss.__malloc_max_total_mem
                0x20000b30        0x4 c:/develop/gnu arm embedded toolchain/10 2021.10/bin/../lib/gcc/arm-none-eabi/10.3.1/../../../../arm-none-eabi/lib/thumb/v7-m/nofp\libc.a(lib_a-mallocr.o)
                0x20000b30                __malloc_max_total_mem
 .bss.__malloc_top_pad
                0x20000b34        0x4 c:/develop/gnu arm embedded toolchain/10 2021.10/bin/../lib/gcc/arm-none-eabi/10.3.1/../../../../arm-none-eabi/lib/thumb/v7-m/nofp\libc.a(lib_a-mallocr.o)
                0x20000b34                __malloc_top_pad
 .bss.errno     0x20000b38        0x4 c:/develop/gnu arm embedded toolchain/10 2021.10/bin/../lib/gcc/arm-none-eabi/10.3.1/../../../../arm-none-eabi/lib/thumb/v7-m/nofp\libc.a(lib_a-reent.o)
                0x20000b38                errno
 .bss.heap_end.0
                0x20000b3c        0x4 c:/develop/gnu arm embedded toolchain/10 2021.10/bin/../lib/gcc/arm-none-eabi/10.3.1/../../../../arm-none-eabi/lib/thumb/v7-m/nofp\libnosys.a(sbrk.o)
 *(COMMON)
                0x20000b40                . = ALIGN (0x4)
                0x20000b40                _ebss = .
                0x20000b40                __bss_end__ = _ebss

._user_heap_stack
                0x20000b40      0x600 load address 0x0800aaa4
                0x20000b40                . = ALIGN (0x8)
                0x20000b40                PROVIDE (end = .)
                [!provide]                PROVIDE (_end = .)
                0x20000d40                . = (. + _Min_Heap_Size)
 *fill*         0x20000b40      0x200 
                0x20001140                . = (. + _Min_Stack_Size)
 *fill*         0x20000d40      0x400 
                0x20001140                . = ALIGN (0x8)

/DISCARD/
 libc.a(*)
 libm.a(*)
 libgcc.a(*)

.ARM.attributes
                0x00000000       0x29
 *(.ARM.attributes)
 .ARM.attributes
                0x00000000       0x1d c:/develop/gnu arm embedded toolchain/10 2021.10/bin/../lib/gcc/arm-none-eabi/10.3.1/thumb/v7-m/nofp/crti.o
 .ARM.attributes
                0x0000001d       0x2d c:/develop/gnu arm embedded toolchain/10 2021.10/bin/../lib/gcc/arm-none-eabi/10.3.1/thumb/v7-m/nofp/crtbegin.o
 .ARM.attributes
                0x0000004a       0x2d build/main.o
 .ARM.attributes
                0x00000077       0x2d build/stm32f1xx_it.o
 .ARM.attributes
                0x000000a4       0x2d build/stm32f1xx_hal_msp.o
 .ARM.attributes
                0x000000d1       0x2d build/stm32f1xx_hal.o
 .ARM.attributes
                0x000000fe       0x2d build/stm32f1xx_hal_rcc.o
 .ARM.attributes
                0x0000012b       0x2d build/stm32f1xx_hal_gpio.o
 .ARM.attributes
                0x00000158       0x2d build/stm32f1xx_hal_cortex.o
 .ARM.attributes
                0x00000185       0x2d build/system_stm32f1xx.o
 .ARM.attributes
                0x000001b2       0x2d build/gpio.o
 .ARM.attributes
                0x000001df       0x2d build/can.o
 .ARM.attributes
                0x0000020c       0x2d build/i2c.o
 .ARM.attributes
                0x00000239       0x2d build/spi.o
 .ARM.attributes
                0x00000266       0x2d build/usart.o
 .ARM.attributes
                0x00000293       0x2d build/stm32f1xx_hal_can.o
 .ARM.attributes
                0x000002c0       0x2d build/stm32f1xx_hal_i2c.o
 .ARM.attributes
                0x000002ed       0x2d build/stm32f1xx_hal_spi.o
 .ARM.attributes
                0x0000031a       0x2d build/stm32f1xx_hal_uart.o
 .ARM.attributes
                0x00000347       0x2d build/log.o
 .ARM.attributes
                0x00000374       0x2d build/bq76920.o
 .ARM.attributes
                0x000003a1       0x21 build/startup_stm32f103xb.o
 .ARM.attributes
                0x000003c2       0x2d c:/develop/gnu arm embedded toolchain/10 2021.10/bin/../lib/gcc/arm-none-eabi/10.3.1/../../../../arm-none-eabi/lib/thumb/v7-m/nofp\libc.a(lib_a-impure.o)
 .ARM.attributes
                0x000003ef       0x2d c:/develop/gnu arm embedded toolchain/10 2021.10/bin/../lib/gcc/arm-none-eabi/10.3.1/../../../../arm-none-eabi/lib/thumb/v7-m/nofp\libc.a(lib_a-init.o)
 .ARM.attributes
                0x0000041c       0x1b c:/develop/gnu arm embedded toolchain/10 2021.10/bin/../lib/gcc/arm-none-eabi/10.3.1/../../../../arm-none-eabi/lib/thumb/v7-m/nofp\libc.a(lib_a-memcpy.o)
 .ARM.attributes
                0x00000437       0x2d c:/develop/gnu arm embedded toolchain/10 2021.10/bin/../lib/gcc/arm-none-eabi/10.3.1/../../../../arm-none-eabi/lib/thumb/v7-m/nofp\libc.a(lib_a-memset.o)
 .ARM.attributes
                0x00000464       0x2d c:/develop/gnu arm embedded toolchain/10 2021.10/bin/../lib/gcc/arm-none-eabi/10.3.1/../../../../arm-none-eabi/lib/thumb/v7-m/nofp\libc.a(lib_a-snprintf.o)
 .ARM.attributes
                0x00000491       0x2d c:/develop/gnu arm embedded toolchain/10 2021.10/bin/../lib/gcc/arm-none-eabi/10.3.1/../../../../arm-none-eabi/lib/thumb/v7-m/nofp\libc.a(lib_a-strlen-stub.o)
 .ARM.attributes
                0x000004be       0x2d c:/develop/gnu arm embedded toolchain/10 2021.10/bin/../lib/gcc/arm-none-eabi/10.3.1/../../../../arm-none-eabi/lib/thumb/v7-m/nofp\libc.a(lib_a-svfprintf.o)
 .ARM.attributes
                0x000004eb       0x2d c:/develop/gnu arm embedded toolchain/10 2021.10/bin/../lib/gcc/arm-none-eabi/10.3.1/../../../../arm-none-eabi/lib/thumb/v7-m/nofp\libc.a(lib_a-vsprintf.o)
 .ARM.attributes
                0x00000518       0x2d c:/develop/gnu arm embedded toolchain/10 2021.10/bin/../lib/gcc/arm-none-eabi/10.3.1/../../../../arm-none-eabi/lib/thumb/v7-m/nofp\libc.a(lib_a-__call_atexit.o)
 .ARM.attributes
                0x00000545       0x2d c:/develop/gnu arm embedded toolchain/10 2021.10/bin/../lib/gcc/arm-none-eabi/10.3.1/../../../../arm-none-eabi/lib/thumb/v7-m/nofp\libc.a(lib_a-atexit.o)
 .ARM.attributes
                0x00000572       0x2d c:/develop/gnu arm embedded toolchain/10 2021.10/bin/../lib/gcc/arm-none-eabi/10.3.1/../../../../arm-none-eabi/lib/thumb/v7-m/nofp\libc.a(lib_a-dtoa.o)
 .ARM.attributes
                0x0000059f       0x2d c:/develop/gnu arm embedded toolchain/10 2021.10/bin/../lib/gcc/arm-none-eabi/10.3.1/../../../../arm-none-eabi/lib/thumb/v7-m/nofp\libc.a(lib_a-fini.o)
 .ARM.attributes
                0x000005cc       0x2d c:/develop/gnu arm embedded toolchain/10 2021.10/bin/../lib/gcc/arm-none-eabi/10.3.1/../../../../arm-none-eabi/lib/thumb/v7-m/nofp\libc.a(lib_a-freer.o)
 .ARM.attributes
                0x000005f9       0x2d c:/develop/gnu arm embedded toolchain/10 2021.10/bin/../lib/gcc/arm-none-eabi/10.3.1/../../../../arm-none-eabi/lib/thumb/v7-m/nofp\libc.a(lib_a-localeconv.o)
 .ARM.attributes
                0x00000626       0x2d c:/develop/gnu arm embedded toolchain/10 2021.10/bin/../lib/gcc/arm-none-eabi/10.3.1/../../../../arm-none-eabi/lib/thumb/v7-m/nofp\libc.a(lib_a-lock.o)
 .ARM.attributes
                0x00000653       0x2d c:/develop/gnu arm embedded toolchain/10 2021.10/bin/../lib/gcc/arm-none-eabi/10.3.1/../../../../arm-none-eabi/lib/thumb/v7-m/nofp\libc.a(lib_a-mallocr.o)
 .ARM.attributes
                0x00000680       0x2d c:/develop/gnu arm embedded toolchain/10 2021.10/bin/../lib/gcc/arm-none-eabi/10.3.1/../../../../arm-none-eabi/lib/thumb/v7-m/nofp\libc.a(lib_a-memchr-stub.o)
 .ARM.attributes
                0x000006ad       0x2d c:/develop/gnu arm embedded toolchain/10 2021.10/bin/../lib/gcc/arm-none-eabi/10.3.1/../../../../arm-none-eabi/lib/thumb/v7-m/nofp\libc.a(lib_a-mlock.o)
 .ARM.attributes
                0x000006da       0x2d c:/develop/gnu arm embedded toolchain/10 2021.10/bin/../lib/gcc/arm-none-eabi/10.3.1/../../../../arm-none-eabi/lib/thumb/v7-m/nofp\libc.a(lib_a-mprec.o)
 .ARM.attributes
                0x00000707       0x2d c:/develop/gnu arm embedded toolchain/10 2021.10/bin/../lib/gcc/arm-none-eabi/10.3.1/../../../../arm-none-eabi/lib/thumb/v7-m/nofp\libc.a(lib_a-s_frexp.o)
 .ARM.attributes
                0x00000734       0x2d c:/develop/gnu arm embedded toolchain/10 2021.10/bin/../lib/gcc/arm-none-eabi/10.3.1/../../../../arm-none-eabi/lib/thumb/v7-m/nofp\libc.a(lib_a-sbrkr.o)
 .ARM.attributes
                0x00000761       0x2d c:/develop/gnu arm embedded toolchain/10 2021.10/bin/../lib/gcc/arm-none-eabi/10.3.1/../../../../arm-none-eabi/lib/thumb/v7-m/nofp\libc.a(lib_a-strncpy.o)
 .ARM.attributes
                0x0000078e       0x2d c:/develop/gnu arm embedded toolchain/10 2021.10/bin/../lib/gcc/arm-none-eabi/10.3.1/../../../../arm-none-eabi/lib/thumb/v7-m/nofp\libc.a(lib_a-svfiprintf.o)
 .ARM.attributes
                0x000007bb       0x2d c:/develop/gnu arm embedded toolchain/10 2021.10/bin/../lib/gcc/arm-none-eabi/10.3.1/../../../../arm-none-eabi/lib/thumb/v7-m/nofp\libc.a(lib_a-__atexit.o)
 .ARM.attributes
                0x000007e8       0x2d c:/develop/gnu arm embedded toolchain/10 2021.10/bin/../lib/gcc/arm-none-eabi/10.3.1/../../../../arm-none-eabi/lib/thumb/v7-m/nofp\libc.a(lib_a-assert.o)
 .ARM.attributes
                0x00000815       0x2d c:/develop/gnu arm embedded toolchain/10 2021.10/bin/../lib/gcc/arm-none-eabi/10.3.1/../../../../arm-none-eabi/lib/thumb/v7-m/nofp\libc.a(lib_a-callocr.o)
 .ARM.attributes
                0x00000842       0x2d c:/develop/gnu arm embedded toolchain/10 2021.10/bin/../lib/gcc/arm-none-eabi/10.3.1/../../../../arm-none-eabi/lib/thumb/v7-m/nofp\libc.a(lib_a-errno.o)
 .ARM.attributes
                0x0000086f       0x2d c:/develop/gnu arm embedded toolchain/10 2021.10/bin/../lib/gcc/arm-none-eabi/10.3.1/../../../../arm-none-eabi/lib/thumb/v7-m/nofp\libc.a(lib_a-fiprintf.o)
 .ARM.attributes
                0x0000089c       0x2d c:/develop/gnu arm embedded toolchain/10 2021.10/bin/../lib/gcc/arm-none-eabi/10.3.1/../../../../arm-none-eabi/lib/thumb/v7-m/nofp\libc.a(lib_a-locale.o)
 .ARM.attributes
                0x000008c9       0x2d c:/develop/gnu arm embedded toolchain/10 2021.10/bin/../lib/gcc/arm-none-eabi/10.3.1/../../../../arm-none-eabi/lib/thumb/v7-m/nofp\libc.a(lib_a-mbtowc_r.o)
 .ARM.attributes
                0x000008f6       0x2d c:/develop/gnu arm embedded toolchain/10 2021.10/bin/../lib/gcc/arm-none-eabi/10.3.1/../../../../arm-none-eabi/lib/thumb/v7-m/nofp\libc.a(lib_a-memmove.o)
 .ARM.attributes
                0x00000923       0x2d c:/develop/gnu arm embedded toolchain/10 2021.10/bin/../lib/gcc/arm-none-eabi/10.3.1/../../../../arm-none-eabi/lib/thumb/v7-m/nofp\libc.a(lib_a-reallocr.o)
 .ARM.attributes
                0x00000950       0x2d c:/develop/gnu arm embedded toolchain/10 2021.10/bin/../lib/gcc/arm-none-eabi/10.3.1/../../../../arm-none-eabi/lib/thumb/v7-m/nofp\libc.a(lib_a-reent.o)
 .ARM.attributes
                0x0000097d       0x2d c:/develop/gnu arm embedded toolchain/10 2021.10/bin/../lib/gcc/arm-none-eabi/10.3.1/../../../../arm-none-eabi/lib/thumb/v7-m/nofp\libc.a(lib_a-vfiprintf.o)
 .ARM.attributes
                0x000009aa       0x2d c:/develop/gnu arm embedded toolchain/10 2021.10/bin/../lib/gcc/arm-none-eabi/10.3.1/../../../../arm-none-eabi/lib/thumb/v7-m/nofp\libc.a(lib_a-wctomb_r.o)
 .ARM.attributes
                0x000009d7       0x2d c:/develop/gnu arm embedded toolchain/10 2021.10/bin/../lib/gcc/arm-none-eabi/10.3.1/../../../../arm-none-eabi/lib/thumb/v7-m/nofp\libc.a(lib_a-wsetup.o)
 .ARM.attributes
                0x00000a04       0x2d c:/develop/gnu arm embedded toolchain/10 2021.10/bin/../lib/gcc/arm-none-eabi/10.3.1/../../../../arm-none-eabi/lib/thumb/v7-m/nofp\libc.a(lib_a-abort.o)
 .ARM.attributes
                0x00000a31       0x2d c:/develop/gnu arm embedded toolchain/10 2021.10/bin/../lib/gcc/arm-none-eabi/10.3.1/../../../../arm-none-eabi/lib/thumb/v7-m/nofp\libc.a(lib_a-ctype_.o)
 .ARM.attributes
                0x00000a5e       0x2d c:/develop/gnu arm embedded toolchain/10 2021.10/bin/../lib/gcc/arm-none-eabi/10.3.1/../../../../arm-none-eabi/lib/thumb/v7-m/nofp\libc.a(lib_a-fflush.o)
 .ARM.attributes
                0x00000a8b       0x2d c:/develop/gnu arm embedded toolchain/10 2021.10/bin/../lib/gcc/arm-none-eabi/10.3.1/../../../../arm-none-eabi/lib/thumb/v7-m/nofp\libc.a(lib_a-findfp.o)
 .ARM.attributes
                0x00000ab8       0x2d c:/develop/gnu arm embedded toolchain/10 2021.10/bin/../lib/gcc/arm-none-eabi/10.3.1/../../../../arm-none-eabi/lib/thumb/v7-m/nofp\libc.a(lib_a-fputwc.o)
 .ARM.attributes
                0x00000ae5       0x2d c:/develop/gnu arm embedded toolchain/10 2021.10/bin/../lib/gcc/arm-none-eabi/10.3.1/../../../../arm-none-eabi/lib/thumb/v7-m/nofp\libc.a(lib_a-fvwrite.o)
 .ARM.attributes
                0x00000b12       0x2d c:/develop/gnu arm embedded toolchain/10 2021.10/bin/../lib/gcc/arm-none-eabi/10.3.1/../../../../arm-none-eabi/lib/thumb/v7-m/nofp\libc.a(lib_a-fwalk.o)
 .ARM.attributes
                0x00000b3f       0x2d c:/develop/gnu arm embedded toolchain/10 2021.10/bin/../lib/gcc/arm-none-eabi/10.3.1/../../../../arm-none-eabi/lib/thumb/v7-m/nofp\libc.a(lib_a-makebuf.o)
 .ARM.attributes
                0x00000b6c       0x2d c:/develop/gnu arm embedded toolchain/10 2021.10/bin/../lib/gcc/arm-none-eabi/10.3.1/../../../../arm-none-eabi/lib/thumb/v7-m/nofp\libc.a(lib_a-signal.o)
 .ARM.attributes
                0x00000b99       0x2d c:/develop/gnu arm embedded toolchain/10 2021.10/bin/../lib/gcc/arm-none-eabi/10.3.1/../../../../arm-none-eabi/lib/thumb/v7-m/nofp\libc.a(lib_a-signalr.o)
 .ARM.attributes
                0x00000bc6       0x2d c:/develop/gnu arm embedded toolchain/10 2021.10/bin/../lib/gcc/arm-none-eabi/10.3.1/../../../../arm-none-eabi/lib/thumb/v7-m/nofp\libc.a(lib_a-stdio.o)
 .ARM.attributes
                0x00000bf3       0x2d c:/develop/gnu arm embedded toolchain/10 2021.10/bin/../lib/gcc/arm-none-eabi/10.3.1/../../../../arm-none-eabi/lib/thumb/v7-m/nofp\libc.a(lib_a-wbuf.o)
 .ARM.attributes
                0x00000c20       0x2d c:/develop/gnu arm embedded toolchain/10 2021.10/bin/../lib/gcc/arm-none-eabi/10.3.1/../../../../arm-none-eabi/lib/thumb/v7-m/nofp\libc.a(lib_a-wcrtomb.o)
 .ARM.attributes
                0x00000c4d       0x2d c:/develop/gnu arm embedded toolchain/10 2021.10/bin/../lib/gcc/arm-none-eabi/10.3.1/../../../../arm-none-eabi/lib/thumb/v7-m/nofp\libc.a(lib_a-writer.o)
 .ARM.attributes
                0x00000c7a       0x2d c:/develop/gnu arm embedded toolchain/10 2021.10/bin/../lib/gcc/arm-none-eabi/10.3.1/../../../../arm-none-eabi/lib/thumb/v7-m/nofp\libc.a(lib_a-closer.o)
 .ARM.attributes
                0x00000ca7       0x2d c:/develop/gnu arm embedded toolchain/10 2021.10/bin/../lib/gcc/arm-none-eabi/10.3.1/../../../../arm-none-eabi/lib/thumb/v7-m/nofp\libc.a(lib_a-fclose.o)
 .ARM.attributes
                0x00000cd4       0x2d c:/develop/gnu arm embedded toolchain/10 2021.10/bin/../lib/gcc/arm-none-eabi/10.3.1/../../../../arm-none-eabi/lib/thumb/v7-m/nofp\libc.a(lib_a-fstatr.o)
 .ARM.attributes
                0x00000d01       0x2d c:/develop/gnu arm embedded toolchain/10 2021.10/bin/../lib/gcc/arm-none-eabi/10.3.1/../../../../arm-none-eabi/lib/thumb/v7-m/nofp\libc.a(lib_a-isattyr.o)
 .ARM.attributes
                0x00000d2e       0x2d c:/develop/gnu arm embedded toolchain/10 2021.10/bin/../lib/gcc/arm-none-eabi/10.3.1/../../../../arm-none-eabi/lib/thumb/v7-m/nofp\libc.a(lib_a-lseekr.o)
 .ARM.attributes
                0x00000d5b       0x2d c:/develop/gnu arm embedded toolchain/10 2021.10/bin/../lib/gcc/arm-none-eabi/10.3.1/../../../../arm-none-eabi/lib/thumb/v7-m/nofp\libc.a(lib_a-readr.o)
 .ARM.attributes
                0x00000d88       0x2d c:/develop/gnu arm embedded toolchain/10 2021.10/bin/../lib/gcc/arm-none-eabi/10.3.1/../../../../arm-none-eabi/lib/thumb/v7-m/nofp\libnosys.a(close.o)
 .ARM.attributes
                0x00000db5       0x2d c:/develop/gnu arm embedded toolchain/10 2021.10/bin/../lib/gcc/arm-none-eabi/10.3.1/../../../../arm-none-eabi/lib/thumb/v7-m/nofp\libnosys.a(fstat.o)
 .ARM.attributes
                0x00000de2       0x2d c:/develop/gnu arm embedded toolchain/10 2021.10/bin/../lib/gcc/arm-none-eabi/10.3.1/../../../../arm-none-eabi/lib/thumb/v7-m/nofp\libnosys.a(getpid.o)
 .ARM.attributes
                0x00000e0f       0x2d c:/develop/gnu arm embedded toolchain/10 2021.10/bin/../lib/gcc/arm-none-eabi/10.3.1/../../../../arm-none-eabi/lib/thumb/v7-m/nofp\libnosys.a(isatty.o)
 .ARM.attributes
                0x00000e3c       0x2d c:/develop/gnu arm embedded toolchain/10 2021.10/bin/../lib/gcc/arm-none-eabi/10.3.1/../../../../arm-none-eabi/lib/thumb/v7-m/nofp\libnosys.a(kill.o)
 .ARM.attributes
                0x00000e69       0x2d c:/develop/gnu arm embedded toolchain/10 2021.10/bin/../lib/gcc/arm-none-eabi/10.3.1/../../../../arm-none-eabi/lib/thumb/v7-m/nofp\libnosys.a(lseek.o)
 .ARM.attributes
                0x00000e96       0x2d c:/develop/gnu arm embedded toolchain/10 2021.10/bin/../lib/gcc/arm-none-eabi/10.3.1/../../../../arm-none-eabi/lib/thumb/v7-m/nofp\libnosys.a(read.o)
 .ARM.attributes
                0x00000ec3       0x2d c:/develop/gnu arm embedded toolchain/10 2021.10/bin/../lib/gcc/arm-none-eabi/10.3.1/../../../../arm-none-eabi/lib/thumb/v7-m/nofp\libnosys.a(sbrk.o)
 .ARM.attributes
                0x00000ef0       0x2d c:/develop/gnu arm embedded toolchain/10 2021.10/bin/../lib/gcc/arm-none-eabi/10.3.1/../../../../arm-none-eabi/lib/thumb/v7-m/nofp\libnosys.a(write.o)
 .ARM.attributes
                0x00000f1d       0x2d c:/develop/gnu arm embedded toolchain/10 2021.10/bin/../lib/gcc/arm-none-eabi/10.3.1/../../../../arm-none-eabi/lib/thumb/v7-m/nofp\libnosys.a(_exit.o)
 .ARM.attributes
                0x00000f4a       0x1d c:/develop/gnu arm embedded toolchain/10 2021.10/bin/../lib/gcc/arm-none-eabi/10.3.1/thumb/v7-m/nofp\libgcc.a(_arm_addsubdf3.o)
 .ARM.attributes
                0x00000f67       0x1d c:/develop/gnu arm embedded toolchain/10 2021.10/bin/../lib/gcc/arm-none-eabi/10.3.1/thumb/v7-m/nofp\libgcc.a(_arm_muldivdf3.o)
 .ARM.attributes
                0x00000f84       0x1d c:/develop/gnu arm embedded toolchain/10 2021.10/bin/../lib/gcc/arm-none-eabi/10.3.1/thumb/v7-m/nofp\libgcc.a(_arm_cmpdf2.o)
 .ARM.attributes
                0x00000fa1       0x1d c:/develop/gnu arm embedded toolchain/10 2021.10/bin/../lib/gcc/arm-none-eabi/10.3.1/thumb/v7-m/nofp\libgcc.a(_arm_unorddf2.o)
 .ARM.attributes
                0x00000fbe       0x1d c:/develop/gnu arm embedded toolchain/10 2021.10/bin/../lib/gcc/arm-none-eabi/10.3.1/thumb/v7-m/nofp\libgcc.a(_arm_fixdfsi.o)
 .ARM.attributes
                0x00000fdb       0x1d c:/develop/gnu arm embedded toolchain/10 2021.10/bin/../lib/gcc/arm-none-eabi/10.3.1/thumb/v7-m/nofp\libgcc.a(_arm_truncdfsf2.o)
 .ARM.attributes
                0x00000ff8       0x1d c:/develop/gnu arm embedded toolchain/10 2021.10/bin/../lib/gcc/arm-none-eabi/10.3.1/thumb/v7-m/nofp\libgcc.a(_arm_addsubsf3.o)
 .ARM.attributes
                0x00001015       0x1d c:/develop/gnu arm embedded toolchain/10 2021.10/bin/../lib/gcc/arm-none-eabi/10.3.1/thumb/v7-m/nofp\libgcc.a(_arm_muldivsf3.o)
 .ARM.attributes
                0x00001032       0x1d c:/develop/gnu arm embedded toolchain/10 2021.10/bin/../lib/gcc/arm-none-eabi/10.3.1/thumb/v7-m/nofp\libgcc.a(_arm_fixunssfsi.o)
 .ARM.attributes
                0x0000104f       0x1d c:/develop/gnu arm embedded toolchain/10 2021.10/bin/../lib/gcc/arm-none-eabi/10.3.1/thumb/v7-m/nofp\libgcc.a(_aeabi_uldivmod.o)
 .ARM.attributes
                0x0000106c       0x2d c:/develop/gnu arm embedded toolchain/10 2021.10/bin/../lib/gcc/arm-none-eabi/10.3.1/thumb/v7-m/nofp\libgcc.a(_udivmoddi4.o)
 .ARM.attributes
                0x00001099       0x1d c:/develop/gnu arm embedded toolchain/10 2021.10/bin/../lib/gcc/arm-none-eabi/10.3.1/thumb/v7-m/nofp\libgcc.a(_dvmd_tls.o)
 .ARM.attributes
                0x000010b6       0x1d c:/develop/gnu arm embedded toolchain/10 2021.10/bin/../lib/gcc/arm-none-eabi/10.3.1/thumb/v7-m/nofp/crtn.o
OUTPUT(build/CawBMS.elf elf32-littlearm)
LOAD linker stubs
LOAD c:/develop/gnu arm embedded toolchain/10 2021.10/bin/../lib/gcc/arm-none-eabi/10.3.1/../../../../arm-none-eabi/lib/thumb/v7-m/nofp\libc.a
LOAD c:/develop/gnu arm embedded toolchain/10 2021.10/bin/../lib/gcc/arm-none-eabi/10.3.1/../../../../arm-none-eabi/lib/thumb/v7-m/nofp\libm.a
LOAD c:/develop/gnu arm embedded toolchain/10 2021.10/bin/../lib/gcc/arm-none-eabi/10.3.1/thumb/v7-m/nofp\libgcc.a

.debug_info     0x00000000    0x1380c
 .debug_info    0x00000000      0xbcd build/main.o
 .debug_info    0x00000bcd      0x282 build/stm32f1xx_it.o
 .debug_info    0x00000e4f      0x238 build/stm32f1xx_hal_msp.o
 .debug_info    0x00001087      0x855 build/stm32f1xx_hal.o
 .debug_info    0x000018dc      0xaf0 build/stm32f1xx_hal_rcc.o
 .debug_info    0x000023cc      0x6d7 build/stm32f1xx_hal_gpio.o
 .debug_info    0x00002aa3      0xe2d build/stm32f1xx_hal_cortex.o
 .debug_info    0x000038d0      0x26e build/system_stm32f1xx.o
 .debug_info    0x00003b3e      0x571 build/gpio.o
 .debug_info    0x000040af      0x81b build/can.o
 .debug_info    0x000048ca      0xa03 build/i2c.o
 .debug_info    0x000052cd      0x9d1 build/spi.o
 .debug_info    0x00005c9e      0x9a9 build/usart.o
 .debug_info    0x00006647     0x13a9 build/stm32f1xx_hal_can.o
 .debug_info    0x000079f0     0x3ca0 build/stm32f1xx_hal_i2c.o
 .debug_info    0x0000b690     0x1ee4 build/stm32f1xx_hal_spi.o
 .debug_info    0x0000d574     0x43a1 build/stm32f1xx_hal_uart.o
 .debug_info    0x00011915      0xafc build/log.o
 .debug_info    0x00012411     0x13d9 build/bq76920.o
 .debug_info    0x000137ea       0x22 build/startup_stm32f103xb.o

.debug_abbrev   0x00000000     0x2906
 .debug_abbrev  0x00000000      0x258 build/main.o
 .debug_abbrev  0x00000258      0x111 build/stm32f1xx_it.o
 .debug_abbrev  0x00000369       0xe7 build/stm32f1xx_hal_msp.o
 .debug_abbrev  0x00000450      0x1f7 build/stm32f1xx_hal.o
 .debug_abbrev  0x00000647      0x2b8 build/stm32f1xx_hal_rcc.o
 .debug_abbrev  0x000008ff      0x222 build/stm32f1xx_hal_gpio.o
 .debug_abbrev  0x00000b21      0x359 build/stm32f1xx_hal_cortex.o
 .debug_abbrev  0x00000e7a      0x140 build/system_stm32f1xx.o
 .debug_abbrev  0x00000fba      0x15c build/gpio.o
 .debug_abbrev  0x00001116      0x1cf build/can.o
 .debug_abbrev  0x000012e5      0x1eb build/i2c.o
 .debug_abbrev  0x000014d0      0x1eb build/spi.o
 .debug_abbrev  0x000016bb      0x1f2 build/usart.o
 .debug_abbrev  0x000018ad      0x278 build/stm32f1xx_hal_can.o
 .debug_abbrev  0x00001b25      0x306 build/stm32f1xx_hal_i2c.o
 .debug_abbrev  0x00001e2b      0x292 build/stm32f1xx_hal_spi.o
 .debug_abbrev  0x000020bd      0x334 build/stm32f1xx_hal_uart.o
 .debug_abbrev  0x000023f1      0x269 build/log.o
 .debug_abbrev  0x0000265a      0x29a build/bq76920.o
 .debug_abbrev  0x000028f4       0x12 build/startup_stm32f103xb.o

.debug_loc      0x00000000     0xf702
 .debug_loc     0x00000000       0x73 build/main.o
 .debug_loc     0x00000073       0x9d build/stm32f1xx_it.o
 .debug_loc     0x00000110       0x41 build/stm32f1xx_hal_msp.o
 .debug_loc     0x00000151      0x1e1 build/stm32f1xx_hal.o
 .debug_loc     0x00000332      0x793 build/stm32f1xx_hal_rcc.o
 .debug_loc     0x00000ac5      0x551 build/stm32f1xx_hal_gpio.o
 .debug_loc     0x00001016      0x77f build/stm32f1xx_hal_cortex.o
 .debug_loc     0x00001795       0xff build/system_stm32f1xx.o
 .debug_loc     0x00001894       0x38 build/gpio.o
 .debug_loc     0x000018cc      0x108 build/can.o
 .debug_loc     0x000019d4      0x12e build/i2c.o
 .debug_loc     0x00001b02      0x13d build/spi.o
 .debug_loc     0x00001c3f      0x13d build/usart.o
 .debug_loc     0x00001d7c      0xee4 build/stm32f1xx_hal_can.o
 .debug_loc     0x00002c60     0x4e5a build/stm32f1xx_hal_i2c.o
 .debug_loc     0x00007aba     0x255b build/stm32f1xx_hal_spi.o
 .debug_loc     0x0000a015     0x4ebf build/stm32f1xx_hal_uart.o
 .debug_loc     0x0000eed4      0x259 build/log.o
 .debug_loc     0x0000f12d      0x5d5 build/bq76920.o

.debug_aranges  0x00000000      0xc88
 .debug_aranges
                0x00000000       0x30 build/main.o
 .debug_aranges
                0x00000030       0x70 build/stm32f1xx_it.o
 .debug_aranges
                0x000000a0       0x20 build/stm32f1xx_hal_msp.o
 .debug_aranges
                0x000000c0       0xe0 build/stm32f1xx_hal.o
 .debug_aranges
                0x000001a0       0x90 build/stm32f1xx_hal_rcc.o
 .debug_aranges
                0x00000230       0x58 build/stm32f1xx_hal_gpio.o
 .debug_aranges
                0x00000288       0x90 build/stm32f1xx_hal_cortex.o
 .debug_aranges
                0x00000318       0x28 build/system_stm32f1xx.o
 .debug_aranges
                0x00000340       0x20 build/gpio.o
 .debug_aranges
                0x00000360       0x30 build/can.o
 .debug_aranges
                0x00000390       0x30 build/i2c.o
 .debug_aranges
                0x000003c0       0x30 build/spi.o
 .debug_aranges
                0x000003f0       0x30 build/usart.o
 .debug_aranges
                0x00000420      0x138 build/stm32f1xx_hal_can.o
 .debug_aranges
                0x00000558      0x2a8 build/stm32f1xx_hal_i2c.o
 .debug_aranges
                0x00000800      0x1d0 build/stm32f1xx_hal_spi.o
 .debug_aranges
                0x000009d0      0x208 build/stm32f1xx_hal_uart.o
 .debug_aranges
                0x00000bd8       0x30 build/log.o
 .debug_aranges
                0x00000c08       0x58 build/bq76920.o
 .debug_aranges
                0x00000c60       0x28 build/startup_stm32f103xb.o

.debug_ranges   0x00000000      0xc38
 .debug_ranges  0x00000000       0x20 build/main.o
 .debug_ranges  0x00000020       0x60 build/stm32f1xx_it.o
 .debug_ranges  0x00000080       0x10 build/stm32f1xx_hal_msp.o
 .debug_ranges  0x00000090       0xd0 build/stm32f1xx_hal.o
 .debug_ranges  0x00000160       0xa0 build/stm32f1xx_hal_rcc.o
 .debug_ranges  0x00000200       0x48 build/stm32f1xx_hal_gpio.o
 .debug_ranges  0x00000248       0xe0 build/stm32f1xx_hal_cortex.o
 .debug_ranges  0x00000328       0x18 build/system_stm32f1xx.o
 .debug_ranges  0x00000340       0x10 build/gpio.o
 .debug_ranges  0x00000350       0x20 build/can.o
 .debug_ranges  0x00000370       0x20 build/i2c.o
 .debug_ranges  0x00000390       0x20 build/spi.o
 .debug_ranges  0x000003b0       0x20 build/usart.o
 .debug_ranges  0x000003d0      0x128 build/stm32f1xx_hal_can.o
 .debug_ranges  0x000004f8      0x2b0 build/stm32f1xx_hal_i2c.o
 .debug_ranges  0x000007a8      0x1c0 build/stm32f1xx_hal_spi.o
 .debug_ranges  0x00000968      0x210 build/stm32f1xx_hal_uart.o
 .debug_ranges  0x00000b78       0x20 build/log.o
 .debug_ranges  0x00000b98       0x80 build/bq76920.o
 .debug_ranges  0x00000c18       0x20 build/startup_stm32f103xb.o

.debug_line     0x00000000    0x10d59
 .debug_line    0x00000000      0x3b1 build/main.o
 .debug_line    0x000003b1      0x2ae build/stm32f1xx_it.o
 .debug_line    0x0000065f      0x15d build/stm32f1xx_hal_msp.o
 .debug_line    0x000007bc      0x50e build/stm32f1xx_hal.o
 .debug_line    0x00000cca      0xc02 build/stm32f1xx_hal_rcc.o
 .debug_line    0x000018cc      0x5c1 build/stm32f1xx_hal_gpio.o
 .debug_line    0x00001e8d      0x619 build/stm32f1xx_hal_cortex.o
 .debug_line    0x000024a6      0x226 build/system_stm32f1xx.o
 .debug_line    0x000026cc      0x229 build/gpio.o
 .debug_line    0x000028f5      0x2d8 build/can.o
 .debug_line    0x00002bcd      0x2c5 build/i2c.o
 .debug_line    0x00002e92      0x2f7 build/spi.o
 .debug_line    0x00003189      0x2dc build/usart.o
 .debug_line    0x00003465     0x10db build/stm32f1xx_hal_can.o
 .debug_line    0x00004540     0x55d0 build/stm32f1xx_hal_i2c.o
 .debug_line    0x00009b10     0x24a8 build/stm32f1xx_hal_spi.o
 .debug_line    0x0000bfb8     0x4383 build/stm32f1xx_hal_uart.o
 .debug_line    0x0001033b      0x3a6 build/log.o
 .debug_line    0x000106e1      0x604 build/bq76920.o
 .debug_line    0x00010ce5       0x74 build/startup_stm32f103xb.o

.debug_str      0x00000000     0x3e44
 .debug_str     0x00000000      0x82e build/main.o
                                0x8f9 (size before relaxing)
 .debug_str     0x0000082e      0x102 build/stm32f1xx_it.o
                                0x2c2 (size before relaxing)
 .debug_str     0x00000930       0x98 build/stm32f1xx_hal_msp.o
                                0x1f0 (size before relaxing)
 .debug_str     0x000009c8      0x5f1 build/stm32f1xx_hal.o
                                0x7f5 (size before relaxing)
 .debug_str     0x00000fb9      0x231 build/stm32f1xx_hal_rcc.o
                                0x5fc (size before relaxing)
 .debug_str     0x000011ea      0x109 build/stm32f1xx_hal_gpio.o
                                0x3d1 (size before relaxing)
 .debug_str     0x000012f3      0x3c2 build/stm32f1xx_hal_cortex.o
                                0x8a4 (size before relaxing)
 .debug_str     0x000016b5       0x4f build/system_stm32f1xx.o
                                0x225 (size before relaxing)
 .debug_str     0x00001704       0x20 build/gpio.o
                                0x54b (size before relaxing)
 .debug_str     0x00001724      0x262 build/can.o
                                0x535 (size before relaxing)
 .debug_str     0x00001986       0x48 build/i2c.o
                                0x733 (size before relaxing)
 .debug_str     0x000019ce      0x1f8 build/spi.o
                                0x68a (size before relaxing)
 .debug_str     0x00001bc6      0x1e1 build/usart.o
                                0x6bf (size before relaxing)
 .debug_str     0x00001da7      0x54e build/stm32f1xx_hal_can.o
                                0xa0f (size before relaxing)
 .debug_str     0x000022f5      0x8d9 build/stm32f1xx_hal_i2c.o
                                0xf96 (size before relaxing)
 .debug_str     0x00002bce      0x50e build/stm32f1xx_hal_spi.o
                                0xb38 (size before relaxing)
 .debug_str     0x000030dc      0x61b build/stm32f1xx_hal_uart.o
                                0xcc5 (size before relaxing)
 .debug_str     0x000036f7       0x98 build/log.o
                                0x6ac (size before relaxing)
 .debug_str     0x0000378f      0x691 build/bq76920.o
                                0xdc6 (size before relaxing)
 .debug_str     0x00003e20       0x24 build/startup_stm32f103xb.o
                                 0x44 (size before relaxing)

.comment        0x00000000       0x49
 .comment       0x00000000       0x49 build/main.o
                                 0x4a (size before relaxing)
 .comment       0x00000049       0x4a build/stm32f1xx_it.o
 .comment       0x00000049       0x4a build/stm32f1xx_hal_msp.o
 .comment       0x00000049       0x4a build/stm32f1xx_hal.o
 .comment       0x00000049       0x4a build/stm32f1xx_hal_rcc.o
 .comment       0x00000049       0x4a build/stm32f1xx_hal_gpio.o
 .comment       0x00000049       0x4a build/stm32f1xx_hal_cortex.o
 .comment       0x00000049       0x4a build/system_stm32f1xx.o
 .comment       0x00000049       0x4a build/gpio.o
 .comment       0x00000049       0x4a build/can.o
 .comment       0x00000049       0x4a build/i2c.o
 .comment       0x00000049       0x4a build/spi.o
 .comment       0x00000049       0x4a build/usart.o
 .comment       0x00000049       0x4a build/stm32f1xx_hal_can.o
 .comment       0x00000049       0x4a build/stm32f1xx_hal_i2c.o
 .comment       0x00000049       0x4a build/stm32f1xx_hal_spi.o
 .comment       0x00000049       0x4a build/stm32f1xx_hal_uart.o
 .comment       0x00000049       0x4a build/log.o
 .comment       0x00000049       0x4a build/bq76920.o

.debug_frame    0x00000000     0x3a24
 .debug_frame   0x00000000       0x58 build/main.o
 .debug_frame   0x00000058       0xdc build/stm32f1xx_it.o
 .debug_frame   0x00000134       0x28 build/stm32f1xx_hal_msp.o
 .debug_frame   0x0000015c      0x1cc build/stm32f1xx_hal.o
 .debug_frame   0x00000328      0x184 build/stm32f1xx_hal_rcc.o
 .debug_frame   0x000004ac       0xe4 build/stm32f1xx_hal_gpio.o
 .debug_frame   0x00000590      0x118 build/stm32f1xx_hal_cortex.o
 .debug_frame   0x000006a8       0x30 build/system_stm32f1xx.o
 .debug_frame   0x000006d8       0x38 build/gpio.o
 .debug_frame   0x00000710       0x60 build/can.o
 .debug_frame   0x00000770       0x60 build/i2c.o
 .debug_frame   0x000007d0       0x60 build/spi.o
 .debug_frame   0x00000830       0x60 build/usart.o
 .debug_frame   0x00000890      0x2d4 build/stm32f1xx_hal_can.o
 .debug_frame   0x00000b64      0x984 build/stm32f1xx_hal_i2c.o
 .debug_frame   0x000014e8      0x5ac build/stm32f1xx_hal_spi.o
 .debug_frame   0x00001a94      0x5d8 build/stm32f1xx_hal_uart.o
 .debug_frame   0x0000206c       0x74 build/log.o
 .debug_frame   0x000020e0      0x10c build/bq76920.o
 .debug_frame   0x000021ec       0x2c c:/develop/gnu arm embedded toolchain/10 2021.10/bin/../lib/gcc/arm-none-eabi/10.3.1/../../../../arm-none-eabi/lib/thumb/v7-m/nofp\libc.a(lib_a-init.o)
 .debug_frame   0x00002218       0x2c c:/develop/gnu arm embedded toolchain/10 2021.10/bin/../lib/gcc/arm-none-eabi/10.3.1/../../../../arm-none-eabi/lib/thumb/v7-m/nofp\libc.a(lib_a-memset.o)
 .debug_frame   0x00002244       0x94 c:/develop/gnu arm embedded toolchain/10 2021.10/bin/../lib/gcc/arm-none-eabi/10.3.1/../../../../arm-none-eabi/lib/thumb/v7-m/nofp\libc.a(lib_a-snprintf.o)
 .debug_frame   0x000022d8       0x20 c:/develop/gnu arm embedded toolchain/10 2021.10/bin/../lib/gcc/arm-none-eabi/10.3.1/../../../../arm-none-eabi/lib/thumb/v7-m/nofp\libc.a(lib_a-strlen-stub.o)
 .debug_frame   0x000022f8       0x44 c:/develop/gnu arm embedded toolchain/10 2021.10/bin/../lib/gcc/arm-none-eabi/10.3.1/../../../../arm-none-eabi/lib/thumb/v7-m/nofp\libc.a(lib_a-svfprintf.o)
 .debug_frame   0x0000233c       0x50 c:/develop/gnu arm embedded toolchain/10 2021.10/bin/../lib/gcc/arm-none-eabi/10.3.1/../../../../arm-none-eabi/lib/thumb/v7-m/nofp\libc.a(lib_a-vsprintf.o)
 .debug_frame   0x0000238c       0x5c c:/develop/gnu arm embedded toolchain/10 2021.10/bin/../lib/gcc/arm-none-eabi/10.3.1/../../../../arm-none-eabi/lib/thumb/v7-m/nofp\libc.a(lib_a-__call_atexit.o)
 .debug_frame   0x000023e8       0x20 c:/develop/gnu arm embedded toolchain/10 2021.10/bin/../lib/gcc/arm-none-eabi/10.3.1/../../../../arm-none-eabi/lib/thumb/v7-m/nofp\libc.a(lib_a-atexit.o)
 .debug_frame   0x00002408       0x8c c:/develop/gnu arm embedded toolchain/10 2021.10/bin/../lib/gcc/arm-none-eabi/10.3.1/../../../../arm-none-eabi/lib/thumb/v7-m/nofp\libc.a(lib_a-dtoa.o)
 .debug_frame   0x00002494       0x34 c:/develop/gnu arm embedded toolchain/10 2021.10/bin/../lib/gcc/arm-none-eabi/10.3.1/../../../../arm-none-eabi/lib/thumb/v7-m/nofp\libc.a(lib_a-fini.o)
 .debug_frame   0x000024c8       0x8c c:/develop/gnu arm embedded toolchain/10 2021.10/bin/../lib/gcc/arm-none-eabi/10.3.1/../../../../arm-none-eabi/lib/thumb/v7-m/nofp\libc.a(lib_a-freer.o)
 .debug_frame   0x00002554       0x40 c:/develop/gnu arm embedded toolchain/10 2021.10/bin/../lib/gcc/arm-none-eabi/10.3.1/../../../../arm-none-eabi/lib/thumb/v7-m/nofp\libc.a(lib_a-localeconv.o)
 .debug_frame   0x00002594       0xb0 c:/develop/gnu arm embedded toolchain/10 2021.10/bin/../lib/gcc/arm-none-eabi/10.3.1/../../../../arm-none-eabi/lib/thumb/v7-m/nofp\libc.a(lib_a-lock.o)
 .debug_frame   0x00002644       0x4c c:/develop/gnu arm embedded toolchain/10 2021.10/bin/../lib/gcc/arm-none-eabi/10.3.1/../../../../arm-none-eabi/lib/thumb/v7-m/nofp\libc.a(lib_a-mallocr.o)
 .debug_frame   0x00002690       0x28 c:/develop/gnu arm embedded toolchain/10 2021.10/bin/../lib/gcc/arm-none-eabi/10.3.1/../../../../arm-none-eabi/lib/thumb/v7-m/nofp\libc.a(lib_a-memchr-stub.o)